<html>
<body>
<pre>
<h1>礦ision Build Log</h1>
<h2>Tool Versions:</h2>
IDE-Version: μVision V5.36.0.0
Copyright (C) 2021 ARM Ltd and ARM Germany GmbH. All rights reserved.
License Information: 11 Administrator, 11, LIC=BUURY-IRHE8-FW82N-YMUVQ-ARN7D-X3XK5
 
Tool Versions:
Toolchain:       MDK-ARM Plus  Version: 5.36.0.0
Toolchain Path:  C:\Keil_v5\ARM\ARMCC\Bin
C Compiler:      Armcc.exe V5.06 update 7 (build 960)
Assembler:       Armasm.exe V5.06 update 7 (build 960)
Linker/Locator:  ArmLink.exe V5.06 update 7 (build 960)
Library Manager: ArmAr.exe V5.06 update 7 (build 960)
Hex Converter:   FromElf.exe V5.06 update 7 (build 960)
CPU DLL:         SARMCM3.DLL V5.36.0.0
Dialog DLL:      DARMSTM.DLL V1.68.0.0
Target DLL:      STLink\ST-LINKIII-KEIL_SWO.dll V3.0.9.0
Dialog DLL:      TARMSTM.DLL V1.66.0.0
 
<h2>Project:</h2>
D:\LIUGUOXIA\工作任务\menu_1.4(1)\USER\Template.uvprojx
Project File Date:  08/08/2022

<h2>Output:</h2>
*** Using Compiler 'V5.06 update 7 (build 960)', folder: 'C:\Keil_v5\ARM\ARMCC\Bin'
Build target 'Template'
compiling Key.c...
..\SYSTEM\Key\Key.c(6): warning:  #47-D: incompatible redefinition of macro "KEY3_PIN"  (declared at line 7 of "..\SYSTEM\Key\Key.h")
  #define KEY3_PIN  GPIO_PIN_1
..\SYSTEM\Key\Key.c(7): warning:  #47-D: incompatible redefinition of macro "KEY4_PIN"  (declared at line 11 of "..\SYSTEM\Key\Key.h")
  #define KEY4_PIN  GPIO_PIN_2
..\SYSTEM\Key\Key.c(22): warning:  #223-D: function "printf" declared implicitly
  			printf("1");
..\SYSTEM\Key\Key.c(28): warning:  #223-D: function "printf" declared implicitly
  			printf("2");
..\SYSTEM\Key\Key.c: 4 warnings, 0 errors
linking...
Program Size: Code=12736 RO-data=58272 RW-data=72 ZI-data=4048  
FromELF: creating hex file...
"..\OBJ\Template.axf" - 0 Error(s), 4 Warning(s).

<h2>Software Packages used:</h2>

Package Vendor: Keil
                http://www.keil.com/pack/Keil.STM32F1xx_DFP.1.0.5.pack
                Keil.STM32F1xx_DFP.1.0.5
                STMicroelectronics STM32F1 Series Device Support, Drivers and Examples

<h2>Collection of Component include folders:</h2>
  C:\Users\Administrator\AppData\Local\Arm\Packs\Keil\STM32F1xx_DFP\1.0.5\Device\Include

<h2>Collection of Component Files used:</h2>
Build Time Elapsed:  00:00:04
</pre>
</body>
</html>
