Component: ARM Compiler 5.06 update 7 (build 960) Tool: armlink [4d3601]

==============================================================================

Section Cross References

    main.o(i.main) refers to stm32f1xx_hal.o(i.HAL_Init) for HAL_Init
    main.o(i.main) refers to delay.o(i.delay_init) for delay_init
    main.o(i.main) refers to sys.o(i.Stm32_Clock_Init) for Stm32_Clock_Init
    main.o(i.main) refers to usart.o(i.uart_init) for uart_init
    main.o(i.main) refers to lcd_init.o(i.LCD_Init) for LCD_Init
    main.o(i.main) refers to key.o(i.KEY_Init) for KEY_Init
    main.o(i.main) refers to gg_menu.o(i.GG_MENU_Init) for GG_MENU_Init
    main.o(i.main) refers to menu1.o(i.GG_MENU1_Init) for GG_MENU1_Init
    main.o(i.main) refers to menu2.o(i.GG_MENU2_Init) for GG_MENU2_Init
    main.o(i.main) refers to menu3.o(i.GG_MENU3_Init) for GG_MENU3_Init
    main.o(i.main) refers to flash.o(i.STMFLASH_Read) for STMFLASH_Read
    main.o(i.main) refers to delay.o(i.delay_ms) for delay_ms
    main.o(i.main) refers to stm32f1xx_hal_gpio.o(i.HAL_GPIO_ReadPin) for HAL_GPIO_ReadPin
    main.o(i.main) refers to key.o(i.keyscan) for keyscan
    main.o(i.main) refers to gg_menu.o(i.GG_MENU_SendKeySign) for GG_MENU_SendKeySign
    main.o(i.main) refers to gg_menu.o(i.GG_MENU_LastSignWork) for GG_MENU_LastSignWork
    main.o(i.main) refers to main.o(.bss) for MENUMAIN
    stm32f1xx_it.o(i.SysTick_Handler) refers to stm32f1xx_hal.o(i.HAL_IncTick) for HAL_IncTick
    system_stm32f1xx.o(i.SystemCoreClockUpdate) refers to system_stm32f1xx.o(.data) for SystemCoreClock
    system_stm32f1xx.o(i.SystemCoreClockUpdate) refers to system_stm32f1xx.o(.constdata) for AHBPrescTable
    startup_stm32f103xe.o(STACK) refers (Special) to heapauxi.o(.text) for __use_two_region_memory
    startup_stm32f103xe.o(HEAP) refers (Special) to heapauxi.o(.text) for __use_two_region_memory
    startup_stm32f103xe.o(RESET) refers (Special) to heapauxi.o(.text) for __use_two_region_memory
    startup_stm32f103xe.o(RESET) refers to startup_stm32f103xe.o(STACK) for __initial_sp
    startup_stm32f103xe.o(RESET) refers to startup_stm32f103xe.o(.text) for Reset_Handler
    startup_stm32f103xe.o(RESET) refers to stm32f1xx_it.o(i.NMI_Handler) for NMI_Handler
    startup_stm32f103xe.o(RESET) refers to stm32f1xx_it.o(i.HardFault_Handler) for HardFault_Handler
    startup_stm32f103xe.o(RESET) refers to stm32f1xx_it.o(i.MemManage_Handler) for MemManage_Handler
    startup_stm32f103xe.o(RESET) refers to stm32f1xx_it.o(i.BusFault_Handler) for BusFault_Handler
    startup_stm32f103xe.o(RESET) refers to stm32f1xx_it.o(i.UsageFault_Handler) for UsageFault_Handler
    startup_stm32f103xe.o(RESET) refers to stm32f1xx_it.o(i.SVC_Handler) for SVC_Handler
    startup_stm32f103xe.o(RESET) refers to stm32f1xx_it.o(i.DebugMon_Handler) for DebugMon_Handler
    startup_stm32f103xe.o(RESET) refers to stm32f1xx_it.o(i.PendSV_Handler) for PendSV_Handler
    startup_stm32f103xe.o(RESET) refers to stm32f1xx_it.o(i.SysTick_Handler) for SysTick_Handler
    startup_stm32f103xe.o(RESET) refers to usart.o(i.USART1_IRQHandler) for USART1_IRQHandler
    startup_stm32f103xe.o(.text) refers (Special) to heapauxi.o(.text) for __use_two_region_memory
    startup_stm32f103xe.o(.text) refers to system_stm32f1xx.o(i.SystemInit) for SystemInit
    startup_stm32f103xe.o(.text) refers to __main.o(!!!main) for __main
    startup_stm32f103xe.o(.text) refers to startup_stm32f103xe.o(HEAP) for Heap_Mem
    startup_stm32f103xe.o(.text) refers to startup_stm32f103xe.o(STACK) for Stack_Mem
    stm32f1xx_hal.o(i.HAL_DeInit) refers to stm32f1xx_hal_msp.o(i.HAL_MspDeInit) for HAL_MspDeInit
    stm32f1xx_hal.o(i.HAL_Delay) refers to stm32f1xx_hal.o(i.HAL_GetTick) for HAL_GetTick
    stm32f1xx_hal.o(i.HAL_Delay) refers to stm32f1xx_hal.o(.data) for uwTickFreq
    stm32f1xx_hal.o(i.HAL_GetTick) refers to stm32f1xx_hal.o(.data) for uwTick
    stm32f1xx_hal.o(i.HAL_GetTickFreq) refers to stm32f1xx_hal.o(.data) for uwTickFreq
    stm32f1xx_hal.o(i.HAL_GetTickPrio) refers to stm32f1xx_hal.o(.data) for uwTickPrio
    stm32f1xx_hal.o(i.HAL_IncTick) refers to stm32f1xx_hal.o(.data) for uwTick
    stm32f1xx_hal.o(i.HAL_Init) refers to stm32f1xx_hal_cortex.o(i.HAL_NVIC_SetPriorityGrouping) for HAL_NVIC_SetPriorityGrouping
    stm32f1xx_hal.o(i.HAL_Init) refers to stm32f1xx_hal.o(i.HAL_InitTick) for HAL_InitTick
    stm32f1xx_hal.o(i.HAL_Init) refers to stm32f1xx_hal_msp.o(i.HAL_MspInit) for HAL_MspInit
    stm32f1xx_hal.o(i.HAL_InitTick) refers to stm32f1xx_hal_cortex.o(i.HAL_SYSTICK_Config) for HAL_SYSTICK_Config
    stm32f1xx_hal.o(i.HAL_InitTick) refers to stm32f1xx_hal_cortex.o(i.HAL_NVIC_SetPriority) for HAL_NVIC_SetPriority
    stm32f1xx_hal.o(i.HAL_InitTick) refers to stm32f1xx_hal.o(.data) for uwTickFreq
    stm32f1xx_hal.o(i.HAL_InitTick) refers to system_stm32f1xx.o(.data) for SystemCoreClock
    stm32f1xx_hal.o(i.HAL_SetTickFreq) refers to stm32f1xx_hal.o(i.HAL_InitTick) for HAL_InitTick
[...]
    ..\\SYSTEM\\LCD\\lcd.c                   0x00000000   Number         0  lcd.o ABSOLUTE
    ..\\SYSTEM\\LCD\\lcd_init.c              0x00000000   Number         0  lcd_init.o ABSOLUTE
    ..\\SYSTEM\\LCD\\zk.c                    0x00000000   Number         0  zk.o ABSOLUTE
    ..\\SYSTEM\\delay\\delay.c               0x00000000   Number         0  delay.o ABSOLUTE
    ..\\SYSTEM\\meun\\gg_menu.c              0x00000000   Number         0  gg_menu.o ABSOLUTE
    ..\\SYSTEM\\meun\\menu1.c                0x00000000   Number         0  menu1.o ABSOLUTE
    ..\\SYSTEM\\meun\\menu2.c                0x00000000   Number         0  menu2.o ABSOLUTE
    ..\\SYSTEM\\meun\\menu3.c                0x00000000   Number         0  menu3.o ABSOLUTE
    ..\\SYSTEM\\sys\\sys.c                   0x00000000   Number         0  sys.o ABSOLUTE
    ..\\SYSTEM\\usart\\usart.c               0x00000000   Number         0  usart.o ABSOLUTE
    dc.s                                     0x00000000   Number         0  dc.o ABSOLUTE
    main.c                                   0x00000000   Number         0  main.o ABSOLUTE
    main.c                                   0x00000000   Number         0  main.o ABSOLUTE
    stm32f1xx_hal_msp.c                      0x00000000   Number         0  stm32f1xx_hal_msp.o ABSOLUTE
    stm32f1xx_hal_msp.c                      0x00000000   Number         0  stm32f1xx_hal_msp.o ABSOLUTE
    stm32f1xx_it.c                           0x00000000   Number         0  stm32f1xx_it.o ABSOLUTE
    stm32f1xx_it.c                           0x00000000   Number         0  stm32f1xx_it.o ABSOLUTE
    system_stm32f1xx.c                       0x00000000   Number         0  system_stm32f1xx.o ABSOLUTE
    system_stm32f1xx.c                       0x00000000   Number         0  system_stm32f1xx.o ABSOLUTE
    RESET                                    0x08000000   Section      304  startup_stm32f103xe.o(RESET)
    !!!main                                  0x08000130   Section        8  __main.o(!!!main)
    !!!scatter                               0x08000138   Section       52  __scatter.o(!!!scatter)
    !!handler_copy                           0x0800016c   Section       26  __scatter_copy.o(!!handler_copy)
    !!handler_zi                             0x08000188   Section       28  __scatter_zi.o(!!handler_zi)
    .ARM.Collect$$_printf_percent$$00000000  0x080001a4   Section        0  _printf_percent.o(.ARM.Collect$$_printf_percent$$00000000)
    .ARM.Collect$$_printf_percent$$00000009  0x080001a4   Section        6  _printf_d.o(.ARM.Collect$$_printf_percent$$00000009)
    .ARM.Collect$$_printf_percent$$00000017  0x080001aa   Section        4  _printf_percent_end.o(.ARM.Collect$$_printf_percent$$00000017)
    .ARM.Collect$$libinit$$00000000          0x080001ae   Section        2  libinit.o(.ARM.Collect$$libinit$$00000000)
    .ARM.Collect$$libinit$$00000002          0x080001b0   Section        0  libinit2.o(.ARM.Collect$$libinit$$00000002)
    .ARM.Collect$$libinit$$00000004          0x080001b0   Section        0  libinit2.o(.ARM.Collect$$libinit$$00000004)
    .ARM.Collect$$libinit$$0000000A          0x080001b0   Section        0  libinit2.o(.ARM.Collect$$libinit$$0000000A)
    .ARM.Collect$$libinit$$0000000C          0x080001b0   Section        0  libinit2.o(.ARM.Collect$$libinit$$0000000C)
    .ARM.Collect$$libinit$$0000000E          0x080001b0   Section        0  libinit2.o(.ARM.Collect$$libinit$$0000000E)
    .ARM.Collect$$libinit$$00000011          0x080001b0   Section        0  libinit2.o(.ARM.Collect$$libinit$$00000011)
    .ARM.Collect$$libinit$$00000013          0x080001b0   Section        0  libinit2.o(.ARM.Collect$$libinit$$00000013)
    .ARM.Collect$$libinit$$00000015          0x080001b0   Section        0  libinit2.o(.ARM.Collect$$libinit$$00000015)
    .ARM.Collect$$libinit$$00000017          0x080001b0   Section        0  libinit2.o(.ARM.Collect$$libinit$$00000017)
    .ARM.Collect$$libinit$$00000019          0x080001b0   Section        0  libinit2.o(.ARM.Collect$$libinit$$00000019)
    .ARM.Collect$$libinit$$0000001B          0x080001b0   Section        0  libinit2.o(.ARM.Collect$$libinit$$0000001B)
    .ARM.Collect$$libinit$$0000001D          0x080001b0   Section        0  libinit2.o(.ARM.Collect$$libinit$$0000001D)
    .ARM.Collect$$libinit$$0000001F          0x080001b0   Section        0  libinit2.o(.ARM.Collect$$libinit$$0000001F)
    .ARM.Collect$$libinit$$00000021          0x080001b0   Section        0  libinit2.o(.ARM.Collect$$libinit$$00000021)
    .ARM.Collect$$libinit$$00000023          0x080001b0   Section        0  libinit2.o(.ARM.Collect$$libinit$$00000023)
    .ARM.Collect$$libinit$$00000025          0x080001b0   Section        0  libinit2.o(.ARM.Collect$$libinit$$00000025)
    .ARM.Collect$$libinit$$0000002C          0x080001b0   Section        0  libinit2.o(.ARM.Collect$$libinit$$0000002C)
    .ARM.Collect$$libinit$$0000002E          0x080001b0   Section        0  libinit2.o(.ARM.Collect$$libinit$$0000002E)
    .ARM.Collect$$libinit$$00000030          0x080001b0   Section        0  libinit2.o(.ARM.Collect$$libinit$$00000030)
    .ARM.Collect$$libinit$$00000032          0x080001b0   Section        0  libinit2.o(.ARM.Collect$$libinit$$00000032)
    .ARM.Collect$$libinit$$00000033          0x080001b0   Section        2  libinit2.o(.ARM.Collect$$libinit$$00000033)
    .ARM.Collect$$libshutdown$$00000000      0x080001b2   Section        2  libshutdown.o(.ARM.Collect$$libshutdown$$00000000)
    .ARM.Collect$$libshutdown$$00000002      0x080001b4   Section        0  libshutdown2.o(.ARM.Collect$$libshutdown$$00000002)
    .ARM.Collect$$libshutdown$$00000004      0x080001b4   Section        0  libshutdown2.o(.ARM.Collect$$libshutdown$$00000004)
    .ARM.Collect$$libshutdown$$00000006      0x080001b4   Section        0  libshutdown2.o(.ARM.Collect$$libshutdown$$00000006)
    .ARM.Collect$$libshutdown$$00000009      0x080001b4   Section        0  libshutdown2.o(.ARM.Collect$$libshutdown$$00000009)
    .ARM.Collect$$libshutdown$$0000000C      0x080001b4   Section        0  libshutdown2.o(.ARM.Collect$$libshutdown$$0000000C)
    .ARM.Collect$$libshutdown$$0000000E      0x080001b4   Section        0  libshutdown2.o(.ARM.Collect$$libshutdown$$0000000E)
    .ARM.Collect$$libshutdown$$00000011      0x080001b4   Section        0  libshutdown2.o(.ARM.Collect$$libshutdown$$00000011)
    .ARM.Collect$$libshutdown$$00000012      0x080001b4   Section        2  libshutdown2.o(.ARM.Collect$$libshutdown$$00000012)
    .ARM.Collect$$rtentry$$00000000          0x080001b6   Section        0  __rtentry.o(.ARM.Collect$$rtentry$$00000000)
    .ARM.Collect$$rtentry$$00000002          0x080001b6   Section        0  __rtentry2.o(.ARM.Collect$$rtentry$$00000002)
    .ARM.Collect$$rtentry$$00000004          0x080001b6   Section        6  __rtentry4.o(.ARM.Collect$$rtentry$$00000004)
    .ARM.Collect$$rtentry$$00000009          0x080001bc   Section        0  __rtentry2.o(.ARM.Collect$$rtentry$$00000009)
    .ARM.Collect$$rtentry$$0000000A          0x080001bc   Section        4  __rtentry2.o(.ARM.Collect$$rtentry$$0000000A)
    .ARM.Collect$$rtentry$$0000000C          0x080001c0   Section        0  __rtentry2.o(.ARM.Collect$$rtentry$$0000000C)
    .ARM.Collect$$rtentry$$0000000D          0x080001c0   Section        8  __rtentry2.o(.ARM.Collect$$rtentry$$0000000D)
    .ARM.Collect$$rtexit$$00000000           0x080001c8   Section        2  rtexit.o(.ARM.Collect$$rtexit$$00000000)
    .ARM.Collect$$rtexit$$00000002           0x080001ca   Section        0  rtexit2.o(.ARM.Collect$$rtexit$$00000002)
    .ARM.Collect$$rtexit$$00000003           0x080001ca   Section        4  rtexit2.o(.ARM.Collect$$rtexit$$00000003)
    .ARM.Collect$$rtexit$$00000004           0x080001ce   Section        6  rtexit2.o(.ARM.Collect$$rtexit$$00000004)
    .text                                    0x080001d4   Section       64  startup_stm32f103xe.o(.text)
    .text                                    0x08000214   Section        2  use_no_semi_2.o(.text)
    .text                                    0x08000216   Section       38  llushr.o(.text)
    .text                                    0x0800023c   Section        0  noretval__2printf.o(.text)
    .text                                    0x08000254   Section        0  __printf.o(.text)
    .text                                    0x080002bc   Section        0  _printf_dec.o(.text)
    .text                                    0x08000334   Section        0  heapauxi.o(.text)
    .text                                    0x0800033a   Section        2  use_no_semi.o(.text)
    .text                                    0x0800033c   Section        0  _printf_intcommon.o(.text)
    .text                                    0x080003f0   Section        0  _printf_char_file.o(.text)
    .text                                    0x08000414   Section        0  _printf_char_common.o(.text)
    _printf_input_char                       0x08000415   Thumb Code    10  _printf_char_common.o(.text)
    .text                                    0x08000444   Section        0  ferror.o(.text)
    .text                                    0x0800044c   Section       74  sys_stackheap_outer.o(.text)
    .text                                    0x08000496   Section        0  exit.o(.text)
    .text                                    0x080004a8   Section        8  libspace.o(.text)
    i.BusFault_Handler                       0x080004b0   Section        0  stm32f1xx_it.o(i.BusFault_Handler)
    i.DebugMon_Handler                       0x080004b4   Section        0  stm32f1xx_it.o(i.DebugMon_Handler)
    i.FLASH_PageErase                        0x080004b8   Section        0  stm32f1xx_hal_flash_ex.o(i.FLASH_PageErase)
    i.FLASH_Program_HalfWord                 0x080004e0   Section        0  stm32f1xx_hal_flash.o(i.FLASH_Program_HalfWord)
    FLASH_Program_HalfWord                   0x080004e1   Thumb Code    22  stm32f1xx_hal_flash.o(i.FLASH_Program_HalfWord)
    i.FLASH_SetErrorCode                     0x08000500   Section        0  stm32f1xx_hal_flash.o(i.FLASH_SetErrorCode)
    FLASH_SetErrorCode                       0x08000501   Thumb Code   124  stm32f1xx_hal_flash.o(i.FLASH_SetErrorCode)
    i.FLASH_WaitForLastOperation             0x08000584   Section        0  stm32f1xx_hal_flash.o(i.FLASH_WaitForLastOperation)
    i.GG_MENU1_Init                          0x080005f4   Section        0  menu1.o(i.GG_MENU1_Init)
    i.GG_MENU2_Init                          0x08000618   Section        0  menu2.o(i.GG_MENU2_Init)
    i.GG_MENU3_Init                          0x0800063c   Section        0  menu3.o(i.GG_MENU3_Init)
    i.GG_MENU_BackThreadSignWork             0x08000660   Section        0  gg_menu.o(i.GG_MENU_BackThreadSignWork)
    i.GG_MENU_Close                          0x08000690   Section        0  menu1.o(i.GG_MENU_Close)
    GG_MENU_Close                            0x08000691   Thumb Code    34  menu1.o(i.GG_MENU_Close)
    i.GG_MENU_Close                          0x080006b8   Section        0  menu2.o(i.GG_MENU_Close)
    GG_MENU_Close                            0x080006b9   Thumb Code    36  menu2.o(i.GG_MENU_Close)
    i.GG_MENU_Close                          0x080006e0   Section        0  menu3.o(i.GG_MENU_Close)
    GG_MENU_Close                            0x080006e1   Thumb Code    36  menu3.o(i.GG_MENU_Close)
    i.GG_MENU_Hide                           0x08000708   Section        0  menu1.o(i.GG_MENU_Hide)
    GG_MENU_Hide                             0x08000709   Thumb Code    22  menu1.o(i.GG_MENU_Hide)
    i.GG_MENU_Hide                           0x0800071e   Section        0  menu2.o(i.GG_MENU_Hide)
    GG_MENU_Hide                             0x0800071f   Thumb Code    22  menu2.o(i.GG_MENU_Hide)
    i.GG_MENU_Hide                           0x08000734   Section        0  menu3.o(i.GG_MENU_Hide)
    GG_MENU_Hide                             0x08000735   Thumb Code    22  menu3.o(i.GG_MENU_Hide)
    i.GG_MENU_Init                           0x0800074c   Section        0  gg_menu.o(i.GG_MENU_Init)
    i.GG_MENU_KeyUpdate                      0x08000768   Section        0  menu1.o(i.GG_MENU_KeyUpdate)
    GG_MENU_KeyUpdate                        0x08000769   Thumb Code    66  menu1.o(i.GG_MENU_KeyUpdate)
    i.GG_MENU_KeyUpdate                      0x080007b4   Section        0  menu2.o(i.GG_MENU_KeyUpdate)
    GG_MENU_KeyUpdate                        0x080007b5   Thumb Code    66  menu2.o(i.GG_MENU_KeyUpdate)
    i.GG_MENU_KeyUpdate                      0x08000800   Section        0  menu3.o(i.GG_MENU_KeyUpdate)
    GG_MENU_KeyUpdate                        0x08000801   Thumb Code    66  menu3.o(i.GG_MENU_KeyUpdate)
    i.GG_MENU_LastSignWork                   0x0800084c   Section        0  gg_menu.o(i.GG_MENU_LastSignWork)
    i.GG_MENU_MenuStaUpdate                  0x08000874   Section        0  gg_menu.o(i.GG_MENU_MenuStaUpdate)
    i.GG_MENU_SendKeySign                    0x0800088c   Section        0  gg_menu.o(i.GG_MENU_SendKeySign)
    i.GG_MENU_Show                           0x08000898   Section        0  menu1.o(i.GG_MENU_Show)
    GG_MENU_Show                             0x08000899   Thumb Code    28  menu1.o(i.GG_MENU_Show)
    i.GG_MENU_Show                           0x080008b8   Section        0  menu2.o(i.GG_MENU_Show)
    GG_MENU_Show                             0x080008b9   Thumb Code    26  menu2.o(i.GG_MENU_Show)
    i.GG_MENU_Show                           0x080008d8   Section        0  menu3.o(i.GG_MENU_Show)
    GG_MENU_Show                             0x080008d9   Thumb Code    28  menu3.o(i.GG_MENU_Show)
    i.GG_MenuDefCloseCallback                0x080008f8   Section        0  menu1.o(i.GG_MenuDefCloseCallback)
    GG_MenuDefCloseCallback                  0x080008f9   Thumb Code     8  menu1.o(i.GG_MenuDefCloseCallback)
    i.GG_MenuDefCloseCallback                0x08000900   Section        0  menu2.o(i.GG_MenuDefCloseCallback)
    GG_MenuDefCloseCallback                  0x08000901   Thumb Code     8  menu2.o(i.GG_MenuDefCloseCallback)
    i.GG_MenuDefCloseCallback                0x08000908   Section        0  menu3.o(i.GG_MenuDefCloseCallback)
    GG_MenuDefCloseCallback                  0x08000909   Thumb Code     8  menu3.o(i.GG_MenuDefCloseCallback)
    i.GG_MenuDefHideCallback                 0x08000910   Section        0  menu1.o(i.GG_MenuDefHideCallback)
    GG_MenuDefHideCallback                   0x08000911   Thumb Code     8  menu1.o(i.GG_MenuDefHideCallback)
    i.GG_MenuDefHideCallback                 0x08000918   Section        0  menu2.o(i.GG_MenuDefHideCallback)
    GG_MenuDefHideCallback                   0x08000919   Thumb Code     8  menu2.o(i.GG_MenuDefHideCallback)
    i.GG_MenuDefHideCallback                 0x08000920   Section        0  menu3.o(i.GG_MenuDefHideCallback)
    GG_MenuDefHideCallback                   0x08000921   Thumb Code     8  menu3.o(i.GG_MenuDefHideCallback)
    i.GG_MenuDefShowCallback                 0x08000928   Section        0  menu1.o(i.GG_MenuDefShowCallback)
    GG_MenuDefShowCallback                   0x08000929   Thumb Code    46  menu1.o(i.GG_MenuDefShowCallback)
    i.GG_MenuDefShowCallback                 0x08000968   Section        0  menu2.o(i.GG_MenuDefShowCallback)
    GG_MenuDefShowCallback                   0x08000969   Thumb Code    64  menu2.o(i.GG_MenuDefShowCallback)
    i.GG_MenuDefShowCallback                 0x080009c0   Section        0  menu3.o(i.GG_MenuDefShowCallback)
    GG_MenuDefShowCallback                   0x080009c1   Thumb Code    98  menu3.o(i.GG_MenuDefShowCallback)
    i.GG_MenuSignChangeCallback              0x08000a3c   Section        0  menu1.o(i.GG_MenuSignChangeCallback)
    GG_MenuSignChangeCallback                0x08000a3d   Thumb Code    28  menu1.o(i.GG_MenuSignChangeCallback)
    i.GG_MenuSignChangeCallback              0x08000a5c   Section        0  menu2.o(i.GG_MenuSignChangeCallback)
    GG_MenuSignChangeCallback                0x08000a5d   Thumb Code    28  menu2.o(i.GG_MenuSignChangeCallback)
    i.GG_MenuSignChangeCallback              0x08000a7c   Section        0  menu3.o(i.GG_MenuSignChangeCallback)
    GG_MenuSignChangeCallback                0x08000a7d   Thumb Code    28  menu3.o(i.GG_MenuSignChangeCallback)
    i.HAL_DMA_Abort_IT                       0x08000a9c   Section        0  stm32f1xx_hal_dma.o(i.HAL_DMA_Abort_IT)
    i.HAL_FLASH_Lock                         0x08000c44   Section        0  stm32f1xx_hal_flash.o(i.HAL_FLASH_Lock)
    i.HAL_FLASH_Program                      0x08000c58   Section        0  stm32f1xx_hal_flash.o(i.HAL_FLASH_Program)
    i.HAL_FLASH_Unlock                       0x08000d08   Section        0  stm32f1xx_hal_flash.o(i.HAL_FLASH_Unlock)
    i.HAL_GPIO_Init                          0x08000d38   Section        0  stm32f1xx_hal_gpio.o(i.HAL_GPIO_Init)
    i.HAL_GPIO_ReadPin                       0x08001078   Section        0  stm32f1xx_hal_gpio.o(i.HAL_GPIO_ReadPin)
    i.HAL_GPIO_WritePin                      0x08001088   Section        0  stm32f1xx_hal_gpio.o(i.HAL_GPIO_WritePin)
    i.HAL_GetTick                            0x08001094   Section        0  stm32f1xx_hal.o(i.HAL_GetTick)
    i.HAL_IncTick                            0x080010a0   Section        0  stm32f1xx_hal.o(i.HAL_IncTick)
    i.HAL_Init                               0x080010b8   Section        0  stm32f1xx_hal.o(i.HAL_Init)
    i.HAL_InitTick                           0x080010e0   Section        0  stm32f1xx_hal.o(i.HAL_InitTick)
    i.HAL_MspInit                            0x0800112c   Section        0  stm32f1xx_hal_msp.o(i.HAL_MspInit)
    i.HAL_NVIC_EnableIRQ                     0x0800112e   Section        0  stm32f1xx_hal_cortex.o(i.HAL_NVIC_EnableIRQ)
    i.HAL_NVIC_SetPriority                   0x0800114e   Section        0  stm32f1xx_hal_cortex.o(i.HAL_NVIC_SetPriority)
    i.HAL_NVIC_SetPriorityGrouping           0x080011cc   Section        0  stm32f1xx_hal_cortex.o(i.HAL_NVIC_SetPriorityGrouping)
    i.HAL_RCC_ClockConfig                    0x080011f4   Section        0  stm32f1xx_hal_rcc.o(i.HAL_RCC_ClockConfig)
    i.HAL_RCC_GetHCLKFreq                    0x08001380   Section        0  stm32f1xx_hal_rcc.o(i.HAL_RCC_GetHCLKFreq)
    i.HAL_RCC_GetPCLK1Freq                   0x0800138c   Section        0  stm32f1xx_hal_rcc.o(i.HAL_RCC_GetPCLK1Freq)
    i.HAL_RCC_GetPCLK2Freq                   0x080013ac   Section        0  stm32f1xx_hal_rcc.o(i.HAL_RCC_GetPCLK2Freq)
    i.HAL_RCC_GetSysClockFreq                0x080013cc   Section        0  stm32f1xx_hal_rcc.o(i.HAL_RCC_GetSysClockFreq)
    i.HAL_RCC_OscConfig                      0x08001460   Section        0  stm32f1xx_hal_rcc.o(i.HAL_RCC_OscConfig)
    i.HAL_SPI_Init                           0x080018c4   Section        0  stm32f1xx_hal_spi.o(i.HAL_SPI_Init)
    i.HAL_SPI_MspInit                        0x08001960   Section        0  stm32f1xx_hal_spi.o(i.HAL_SPI_MspInit)
    i.HAL_SYSTICK_CLKSourceConfig            0x08001962   Section        0  stm32f1xx_hal_cortex.o(i.HAL_SYSTICK_CLKSourceConfig)
    i.HAL_SYSTICK_Config                     0x0800198a   Section        0  stm32f1xx_hal_cortex.o(i.HAL_SYSTICK_Config)
    i.HAL_UART_ErrorCallback                 0x080019be   Section        0  stm32f1xx_hal_uart.o(i.HAL_UART_ErrorCallback)
    i.HAL_UART_IRQHandler                    0x080019c0   Section        0  stm32f1xx_hal_uart.o(i.HAL_UART_IRQHandler)
    i.HAL_UART_Init                          0x08001b0c   Section        0  stm32f1xx_hal_uart.o(i.HAL_UART_Init)
    i.HAL_UART_MspInit                       0x08001b80   Section        0  usart.o(i.HAL_UART_MspInit)
    i.HAL_UART_Receive_IT                    0x08001c28   Section        0  stm32f1xx_hal_uart.o(i.HAL_UART_Receive_IT)
    i.HAL_UART_RxCpltCallback                0x08001c98   Section        0  usart.o(i.HAL_UART_RxCpltCallback)
    i.HAL_UART_TxCpltCallback                0x08001d20   Section        0  stm32f1xx_hal_uart.o(i.HAL_UART_TxCpltCallback)
    i.HardFault_Handler                      0x08001d22   Section        0  stm32f1xx_it.o(i.HardFault_Handler)
    i.KEY_Init                               0x08001d28   Section        0  key.o(i.KEY_Init)
    i.KeyDownAction                          0x08001dc8   Section        0  menu1.o(i.KeyDownAction)
    KeyDownAction                            0x08001dc9   Thumb Code    10  menu1.o(i.KeyDownAction)
    i.KeyDownAction                          0x08001ddc   Section        0  menu2.o(i.KeyDownAction)
    KeyDownAction                            0x08001ddd   Thumb Code    22  menu2.o(i.KeyDownAction)
    i.KeyDownAction                          0x08001e04   Section        0  menu3.o(i.KeyDownAction)
    KeyDownAction                            0x08001e05   Thumb Code    10  menu3.o(i.KeyDownAction)
    i.KeyModeAction                          0x08001e18   Section        0  menu1.o(i.KeyModeAction)
    KeyModeAction                            0x08001e19   Thumb Code    10  menu1.o(i.KeyModeAction)
    i.KeyModeAction                          0x08001e2c   Section        0  menu2.o(i.KeyModeAction)
    KeyModeAction                            0x08001e2d   Thumb Code    22  menu2.o(i.KeyModeAction)
    i.KeyModeAction                          0x08001e54   Section        0  menu3.o(i.KeyModeAction)
    KeyModeAction                            0x08001e55   Thumb Code    22  menu3.o(i.KeyModeAction)
    i.KeySelectAction                        0x08001e7c   Section        0  menu1.o(i.KeySelectAction)
    KeySelectAction                          0x08001e7d   Thumb Code    10  menu1.o(i.KeySelectAction)
    i.KeySelectAction                        0x08001e90   Section        0  menu2.o(i.KeySelectAction)
    KeySelectAction                          0x08001e91   Thumb Code    22  menu2.o(i.KeySelectAction)
    i.KeySelectAction                        0x08001eb8   Section        0  menu3.o(i.KeySelectAction)
    KeySelectAction                          0x08001eb9   Thumb Code    10  menu3.o(i.KeySelectAction)
    i.KeyUpAction                            0x08001ecc   Section        0  menu1.o(i.KeyUpAction)
    KeyUpAction                              0x08001ecd   Thumb Code    10  menu1.o(i.KeyUpAction)
    i.KeyUpAction                            0x08001ee0   Section        0  menu2.o(i.KeyUpAction)
    KeyUpAction                              0x08001ee1   Thumb Code    22  menu2.o(i.KeyUpAction)
    i.KeyUpAction                            0x08001f08   Section        0  menu3.o(i.KeyUpAction)
    KeyUpAction                              0x08001f09   Thumb Code    10  menu3.o(i.KeyUpAction)
    i.KeyUpLongAction                        0x08001f1c   Section        0  menu1.o(i.KeyUpLongAction)
    KeyUpLongAction                          0x08001f1d   Thumb Code    22  menu1.o(i.KeyUpLongAction)
    i.KeyUpLongAction                        0x08001f44   Section        0  menu2.o(i.KeyUpLongAction)
    KeyUpLongAction                          0x08001f45   Thumb Code    22  menu2.o(i.KeyUpLongAction)
    i.KeyUpLongAction                        0x08001f6c   Section        0  menu3.o(i.KeyUpLongAction)
    KeyUpLongAction                          0x08001f6d   Thumb Code    22  menu3.o(i.KeyUpLongAction)
    i.LCD_ALL_Clear                          0x08001f94   Section        0  lcd.o(i.LCD_ALL_Clear)
    i.LCD_Address_Set                        0x08001faa   Section        0  lcd_init.o(i.LCD_Address_Set)
    i.LCD_DrawPoint                          0x08001fe4   Section        0  lcd.o(i.LCD_DrawPoint)
    i.LCD_Fill                               0x08002000   Section        0  lcd.o(i.LCD_Fill)
    i.LCD_GPIO_Init                          0x0800204c   Section        0  lcd_init.o(i.LCD_GPIO_Init)
    i.LCD_Init                               0x080020ec   Section        0  lcd_init.o(i.LCD_Init)
    i.LCD_ShowChar_                          0x080022a0   Section        0  lcd.o(i.LCD_ShowChar_)
    i.LCD_ShowChinese                        0x080023f8   Section        0  lcd.o(i.LCD_ShowChinese)
    i.LCD_ShowChinese16x16                   0x08002484   Section        0  lcd.o(i.LCD_ShowChinese16x16)
    i.LCD_ShowChinese24x24                   0x08002588   Section        0  lcd.o(i.LCD_ShowChinese24x24)
    i.LCD_ShowChinese32x32                   0x0800269c   Section        0  lcd.o(i.LCD_ShowChinese32x32)
    i.LCD_ShowChinese40x40                   0x080027a0   Section        0  lcd.o(i.LCD_ShowChinese40x40)
    i.LCD_ShowStr                            0x080028a4   Section        0  lcd.o(i.LCD_ShowStr)
    i.LCD_ShowString                         0x080028de   Section        0  lcd.o(i.LCD_ShowString)
    i.LCD_WR_DATA                            0x08002920   Section        0  lcd_init.o(i.LCD_WR_DATA)
    i.LCD_WR_DATA8                           0x08002932   Section        0  lcd_init.o(i.LCD_WR_DATA8)
    i.LCD_WR_REG                             0x08002940   Section        0  lcd_init.o(i.LCD_WR_REG)
    i.LCD_Writ_Bus                           0x08002964   Section        0  lcd_init.o(i.LCD_Writ_Bus)
    i.MemManage_Handler                      0x080029c8   Section        0  stm32f1xx_it.o(i.MemManage_Handler)
    i.Menu1Action                            0x080029cc   Section        0  gg_menu.o(i.Menu1Action)
    Menu1Action                              0x080029cd   Thumb Code    10  gg_menu.o(i.Menu1Action)
    i.Menu2Action                            0x080029dc   Section        0  gg_menu.o(i.Menu2Action)
    Menu2Action                              0x080029dd   Thumb Code    10  gg_menu.o(i.Menu2Action)
    i.Menu3Action                            0x080029ec   Section        0  gg_menu.o(i.Menu3Action)
    Menu3Action                              0x080029ed   Thumb Code    10  gg_menu.o(i.Menu3Action)
    i.NMI_Handler                            0x080029fc   Section        0  stm32f1xx_it.o(i.NMI_Handler)
    i.PendSV_Handler                         0x080029fe   Section        0  stm32f1xx_it.o(i.PendSV_Handler)
    i.RCC_Delay                              0x08002a00   Section        0  stm32f1xx_hal_rcc.o(i.RCC_Delay)
    RCC_Delay                                0x08002a01   Thumb Code    36  stm32f1xx_hal_rcc.o(i.RCC_Delay)
    i.SPI2_Init                              0x08002a28   Section        0  lcd_init.o(i.SPI2_Init)
    i.STMFLASH_Read                          0x08002ad0   Section        0  flash.o(i.STMFLASH_Read)
    i.STMFLASH_ReadHalfWord                  0x08002af2   Section        0  flash.o(i.STMFLASH_ReadHalfWord)
    i.STMFLASH_Write                         0x08002af8   Section        0  flash.o(i.STMFLASH_Write)
    i.STMFLASH_Write_NoCheck                 0x08002c00   Section        0  flash.o(i.STMFLASH_Write_NoCheck)
    i.SVC_Handler                            0x08002c2c   Section        0  stm32f1xx_it.o(i.SVC_Handler)
    i.Stm32_Clock_Init                       0x08002c2e   Section        0  sys.o(i.Stm32_Clock_Init)
    i.SysTick_Handler                        0x08002c84   Section        0  stm32f1xx_it.o(i.SysTick_Handler)
    i.SystemInit                             0x08002c8c   Section        0  system_stm32f1xx.o(i.SystemInit)
    i.UART_DMAAbortOnError                   0x08002ce4   Section        0  stm32f1xx_hal_uart.o(i.UART_DMAAbortOnError)
    UART_DMAAbortOnError                     0x08002ce5   Thumb Code    20  stm32f1xx_hal_uart.o(i.UART_DMAAbortOnError)
    i.UART_EndRxTransfer                     0x08002cf8   Section        0  stm32f1xx_hal_uart.o(i.UART_EndRxTransfer)
    UART_EndRxTransfer                       0x08002cf9   Thumb Code    32  stm32f1xx_hal_uart.o(i.UART_EndRxTransfer)
    i.UART_EndTransmit_IT                    0x08002d18   Section        0  stm32f1xx_hal_uart.o(i.UART_EndTransmit_IT)
    UART_EndTransmit_IT                      0x08002d19   Thumb Code    32  stm32f1xx_hal_uart.o(i.UART_EndTransmit_IT)
    i.UART_Receive_IT                        0x08002d38   Section        0  stm32f1xx_hal_uart.o(i.UART_Receive_IT)
    UART_Receive_IT                          0x08002d39   Thumb Code   166  stm32f1xx_hal_uart.o(i.UART_Receive_IT)
    i.UART_SetConfig                         0x08002de0   Section        0  stm32f1xx_hal_uart.o(i.UART_SetConfig)
    UART_SetConfig                           0x08002de1   Thumb Code   412  stm32f1xx_hal_uart.o(i.UART_SetConfig)
    i.UART_Transmit_IT                       0x08002f80   Section        0  stm32f1xx_hal_uart.o(i.UART_Transmit_IT)
    UART_Transmit_IT                         0x08002f81   Thumb Code   104  stm32f1xx_hal_uart.o(i.UART_Transmit_IT)
    i.USART1_IRQHandler                      0x08002fe8   Section        0  usart.o(i.USART1_IRQHandler)
    i.UsageFault_Handler                     0x080030a4   Section        0  stm32f1xx_it.o(i.UsageFault_Handler)
    i.__NVIC_GetPriorityGrouping             0x080030a8   Section        0  stm32f1xx_hal_cortex.o(i.__NVIC_GetPriorityGrouping)
    __NVIC_GetPriorityGrouping               0x080030a9   Thumb Code    10  stm32f1xx_hal_cortex.o(i.__NVIC_GetPriorityGrouping)
    i.__NVIC_SetPriority                     0x080030b8   Section        0  stm32f1xx_hal_cortex.o(i.__NVIC_SetPriority)
    __NVIC_SetPriority                       0x080030b9   Thumb Code    32  stm32f1xx_hal_cortex.o(i.__NVIC_SetPriority)
    i._sys_exit                              0x080030e0   Section        0  usart.o(i._sys_exit)
    i.delay_init                             0x080030e4   Section        0  delay.o(i.delay_init)
    i.delay_ms                               0x080030f8   Section        0  delay.o(i.delay_ms)
    i.delay_us                               0x08003110   Section        0  delay.o(i.delay_us)
    i.fputc                                  0x08003158   Section        0  usart.o(i.fputc)
    i.keyscan                                0x08003174   Section        0  key.o(i.keyscan)
    i.main                                   0x080031f0   Section        0  main.o(i.main)
    i.uart_init                              0x080032b8   Section        0  usart.o(i.uart_init)
    .constdata                               0x080032f0   Section       24  system_stm32f1xx.o(.constdata)
    .constdata                               0x08003308   Section    57768  lcd.o(.constdata)
    .constdata                               0x080114b0   Section       48  menu1.o(.constdata)
    s_menuBobyHandleMap                      0x080114b0   Data          48  menu1.o(.constdata)
    .constdata                               0x080114e0   Section       48  menu2.o(.constdata)
    s_menuBobyHandleMap                      0x080114e0   Data          48  menu2.o(.constdata)
    .constdata                               0x08011510   Section       48  menu3.o(.constdata)
    s_menuBobyHandleMap                      0x08011510   Data          48  menu3.o(.constdata)
    .data                                    0x20000000   Section        4  system_stm32f1xx.o(.data)
    .data                                    0x20000004   Section        9  stm32f1xx_hal.o(.data)
    .data                                    0x20000010   Section        4  delay.o(.data)
    fac_us                                   0x20000010   Data           4  delay.o(.data)
    .data                                    0x20000014   Section        7  usart.o(.data)
    .data                                    0x2000001c   Section       40  gg_menu.o(.data)
    s_menuBobyHandleMap                      0x20000020   Data          36  gg_menu.o(.data)
    .data                                    0x20000044   Section        3  key.o(.data)
    time                                     0x20000044   Data           2  key.o(.data)
    lock                                     0x20000046   Data           1  key.o(.data)
    .bss                                     0x20000048   Section       72  main.o(.bss)
    .bss                                     0x20000090   Section       32  stm32f1xx_hal_flash.o(.bss)
    .bss                                     0x200000b0   Section      264  usart.o(.bss)
    .bss                                     0x200001b8   Section     2048  flash.o(.bss)
    .bss                                     0x200009b8   Section       96  libspace.o(.bss)
    HEAP                                     0x20000a18   Section      512  startup_stm32f103xe.o(HEAP)
    Heap_Mem                                 0x20000a18   Data         512  startup_stm32f103xe.o(HEAP)
    STACK                                    0x20000c18   Section     1024  startup_stm32f103xe.o(STACK)
    Stack_Mem                                0x20000c18   Data        1024  startup_stm32f103xe.o(STACK)
    __initial_sp                             0x20001018   Data           0  startup_stm32f103xe.o(STACK)

    Global Symbols

    Symbol Name                              Value     Ov Type        Size  Object(Section)

    BuildAttributes$$THM_ISAv4$P$D$K$B$S$PE$A:L22UL41UL21$X:L11$S22US41US21$IEEE1$IW$USESV6$~STKCKD$USESV7$~SHL$OSPACE$ROPI$EBA8$UX$STANDARDLIB$REQ8$PRES8$EABIv2 0x00000000   Number         0  anon$$obj.o ABSOLUTE
    __ARM_use_no_argv                        0x00000000   Number         0  main.o ABSOLUTE
    __ARM_exceptions_init                     - Undefined Weak Reference
    __alloca_initialize                       - Undefined Weak Reference
    __arm_fini_                               - Undefined Weak Reference
    __arm_preinit_                            - Undefined Weak Reference
    __cpp_initialize__aeabi_                  - Undefined Weak Reference
    __cxa_finalize                            - Undefined Weak Reference
    __rt_locale                               - Undefined Weak Reference
    __sigvec_lookup                           - Undefined Weak Reference
    _atexit_init                              - Undefined Weak Reference
    _call_atexit_fns                          - Undefined Weak Reference
    _clock_init                               - Undefined Weak Reference
    _fp_trap_init                             - Undefined Weak Reference
    _fp_trap_shutdown                         - Undefined Weak Reference
    _get_lc_collate                           - Undefined Weak Reference
    _get_lc_ctype                             - Undefined Weak Reference
    _get_lc_monetary                          - Undefined Weak Reference
    _get_lc_numeric                           - Undefined Weak Reference
    _get_lc_time                              - Undefined Weak Reference
    _getenv_init                              - Undefined Weak Reference
    _handle_redirection                       - Undefined Weak Reference
    _init_alloc                               - Undefined Weak Reference
    _init_user_alloc                          - Undefined Weak Reference
    _initio                                   - Undefined Weak Reference
    _mutex_acquire                            - Undefined Weak Reference
    _mutex_release                            - Undefined Weak Reference
    _printf_post_padding                      - Undefined Weak Reference
    _printf_pre_padding                       - Undefined Weak Reference
    _printf_truncate_signed                   - Undefined Weak Reference
    _printf_truncate_unsigned                 - Undefined Weak Reference
    _rand_init                                - Undefined Weak Reference
    _signal_finish                            - Undefined Weak Reference
    _signal_init                              - Undefined Weak Reference
    _terminate_alloc                          - Undefined Weak Reference
    _terminate_user_alloc                     - Undefined Weak Reference
    _terminateio                              - Undefined Weak Reference
    __Vectors_Size                           0x00000130   Number         0  startup_stm32f103xe.o ABSOLUTE
    __Vectors                                0x08000000   Data           4  startup_stm32f103xe.o(RESET)
    __Vectors_End                            0x08000130   Data           0  startup_stm32f103xe.o(RESET)
    __main                                   0x08000131   Thumb Code     8  __main.o(!!!main)
    __scatterload                            0x08000139   Thumb Code     0  __scatter.o(!!!scatter)
    __scatterload_rt2                        0x08000139   Thumb Code    44  __scatter.o(!!!scatter)
    __scatterload_rt2_thumb_only             0x08000139   Thumb Code     0  __scatter.o(!!!scatter)
    __scatterload_null                       0x08000147   Thumb Code     0  __scatter.o(!!!scatter)
    __scatterload_copy                       0x0800016d   Thumb Code    26  __scatter_copy.o(!!handler_copy)
    __scatterload_zeroinit                   0x08000189   Thumb Code    28  __scatter_zi.o(!!handler_zi)
    _printf_d                                0x080001a5   Thumb Code     0  _printf_d.o(.ARM.Collect$$_printf_percent$$00000009)
    _printf_percent                          0x080001a5   Thumb Code     0  _printf_percent.o(.ARM.Collect$$_printf_percent$$00000000)
    _printf_percent_end                      0x080001ab   Thumb Code     0  _printf_percent_end.o(.ARM.Collect$$_printf_percent$$00000017)
    __rt_lib_init                            0x080001af   Thumb Code     0  libinit.o(.ARM.Collect$$libinit$$00000000)
    __rt_lib_init_alloca_1                   0x080001b1   Thumb Code     0  libinit2.o(.ARM.Collect$$libinit$$0000002E)
    __rt_lib_init_argv_1                     0x080001b1   Thumb Code     0  libinit2.o(.ARM.Collect$$libinit$$0000002C)
    __rt_lib_init_atexit_1                   0x080001b1   Thumb Code     0  libinit2.o(.ARM.Collect$$libinit$$0000001B)
    __rt_lib_init_clock_1                    0x080001b1   Thumb Code     0  libinit2.o(.ARM.Collect$$libinit$$00000021)
    __rt_lib_init_cpp_1                      0x080001b1   Thumb Code     0  libinit2.o(.ARM.Collect$$libinit$$00000032)
    __rt_lib_init_exceptions_1               0x080001b1   Thumb Code     0  libinit2.o(.ARM.Collect$$libinit$$00000030)
    __rt_lib_init_fp_1                       0x080001b1   Thumb Code     0  libinit2.o(.ARM.Collect$$libinit$$00000002)
    __rt_lib_init_fp_trap_1                  0x080001b1   Thumb Code     0  libinit2.o(.ARM.Collect$$libinit$$0000001F)
    __rt_lib_init_getenv_1                   0x080001b1   Thumb Code     0  libinit2.o(.ARM.Collect$$libinit$$00000023)
    __rt_lib_init_heap_1                     0x080001b1   Thumb Code     0  libinit2.o(.ARM.Collect$$libinit$$0000000A)
    __rt_lib_init_lc_collate_1               0x080001b1   Thumb Code     0  libinit2.o(.ARM.Collect$$libinit$$00000011)
    __rt_lib_init_lc_ctype_1                 0x080001b1   Thumb Code     0  libinit2.o(.ARM.Collect$$libinit$$00000013)
    __rt_lib_init_lc_monetary_1              0x080001b1   Thumb Code     0  libinit2.o(.ARM.Collect$$libinit$$00000015)
    __rt_lib_init_lc_numeric_1               0x080001b1   Thumb Code     0  libinit2.o(.ARM.Collect$$libinit$$00000017)
    __rt_lib_init_lc_time_1                  0x080001b1   Thumb Code     0  libinit2.o(.ARM.Collect$$libinit$$00000019)
    __rt_lib_init_preinit_1                  0x080001b1   Thumb Code     0  libinit2.o(.ARM.Collect$$libinit$$00000004)
    __rt_lib_init_rand_1                     0x080001b1   Thumb Code     0  libinit2.o(.ARM.Collect$$libinit$$0000000E)
    __rt_lib_init_return                     0x080001b1   Thumb Code     0  libinit2.o(.ARM.Collect$$libinit$$00000033)
    __rt_lib_init_signal_1                   0x080001b1   Thumb Code     0  libinit2.o(.ARM.Collect$$libinit$$0000001D)
    __rt_lib_init_stdio_1                    0x080001b1   Thumb Code     0  libinit2.o(.ARM.Collect$$libinit$$00000025)
    __rt_lib_init_user_alloc_1               0x080001b1   Thumb Code     0  libinit2.o(.ARM.Collect$$libinit$$0000000C)
    __rt_lib_shutdown                        0x080001b3   Thumb Code     0  libshutdown.o(.ARM.Collect$$libshutdown$$00000000)
    __rt_lib_shutdown_cpp_1                  0x080001b5   Thumb Code     0  libshutdown2.o(.ARM.Collect$$libshutdown$$00000004)
    __rt_lib_shutdown_fini_1                 0x080001b5   Thumb Code     0  libshutdown2.o(.ARM.Collect$$libshutdown$$00000002)
    __rt_lib_shutdown_fp_trap_1              0x080001b5   Thumb Code     0  libshutdown2.o(.ARM.Collect$$libshutdown$$00000009)
    __rt_lib_shutdown_heap_1                 0x080001b5   Thumb Code     0  libshutdown2.o(.ARM.Collect$$libshutdown$$00000011)
    __rt_lib_shutdown_return                 0x080001b5   Thumb Code     0  libshutdown2.o(.ARM.Collect$$libshutdown$$00000012)
    __rt_lib_shutdown_signal_1               0x080001b5   Thumb Code     0  libshutdown2.o(.ARM.Collect$$libshutdown$$0000000C)
    __rt_lib_shutdown_stdio_1                0x080001b5   Thumb Code     0  libshutdown2.o(.ARM.Collect$$libshutdown$$00000006)
    __rt_lib_shutdown_user_alloc_1           0x080001b5   Thumb Code     0  libshutdown2.o(.ARM.Collect$$libshutdown$$0000000E)
    __rt_entry                               0x080001b7   Thumb Code     0  __rtentry.o(.ARM.Collect$$rtentry$$00000000)
    __rt_entry_presh_1                       0x080001b7   Thumb Code     0  __rtentry2.o(.ARM.Collect$$rtentry$$00000002)
    __rt_entry_sh                            0x080001b7   Thumb Code     0  __rtentry4.o(.ARM.Collect$$rtentry$$00000004)
    __rt_entry_li                            0x080001bd   Thumb Code     0  __rtentry2.o(.ARM.Collect$$rtentry$$0000000A)
    __rt_entry_postsh_1                      0x080001bd   Thumb Code     0  __rtentry2.o(.ARM.Collect$$rtentry$$00000009)
    __rt_entry_main                          0x080001c1   Thumb Code     0  __rtentry2.o(.ARM.Collect$$rtentry$$0000000D)
    __rt_entry_postli_1                      0x080001c1   Thumb Code     0  __rtentry2.o(.ARM.Collect$$rtentry$$0000000C)
    __rt_exit                                0x080001c9   Thumb Code     0  rtexit.o(.ARM.Collect$$rtexit$$00000000)
    __rt_exit_ls                             0x080001cb   Thumb Code     0  rtexit2.o(.ARM.Collect$$rtexit$$00000003)
    __rt_exit_prels_1                        0x080001cb   Thumb Code     0  rtexit2.o(.ARM.Collect$$rtexit$$00000002)
    __rt_exit_exit                           0x080001cf   Thumb Code     0  rtexit2.o(.ARM.Collect$$rtexit$$00000004)
    Reset_Handler                            0x080001d5   Thumb Code     8  startup_stm32f103xe.o(.text)
    ADC1_2_IRQHandler                        0x080001ef   Thumb Code     0  startup_stm32f103xe.o(.text)
    ADC3_IRQHandler                          0x080001ef   Thumb Code     0  startup_stm32f103xe.o(.text)
    CAN1_RX1_IRQHandler                      0x080001ef   Thumb Code     0  startup_stm32f103xe.o(.text)
    CAN1_SCE_IRQHandler                      0x080001ef   Thumb Code     0  startup_stm32f103xe.o(.text)
    DMA1_Channel1_IRQHandler                 0x080001ef   Thumb Code     0  startup_stm32f103xe.o(.text)
    DMA1_Channel2_IRQHandler                 0x080001ef   Thumb Code     0  startup_stm32f103xe.o(.text)
    DMA1_Channel3_IRQHandler                 0x080001ef   Thumb Code     0  startup_stm32f103xe.o(.text)
    DMA1_Channel4_IRQHandler                 0x080001ef   Thumb Code     0  startup_stm32f103xe.o(.text)
    DMA1_Channel5_IRQHandler                 0x080001ef   Thumb Code     0  startup_stm32f103xe.o(.text)
    DMA1_Channel6_IRQHandler                 0x080001ef   Thumb Code     0  startup_stm32f103xe.o(.text)
    DMA1_Channel7_IRQHandler                 0x080001ef   Thumb Code     0  startup_stm32f103xe.o(.text)
    DMA2_Channel1_IRQHandler                 0x080001ef   Thumb Code     0  startup_stm32f103xe.o(.text)
    DMA2_Channel2_IRQHandler                 0x080001ef   Thumb Code     0  startup_stm32f103xe.o(.text)
    DMA2_Channel3_IRQHandler                 0x080001ef   Thumb Code     0  startup_stm32f103xe.o(.text)
    DMA2_Channel4_5_IRQHandler               0x080001ef   Thumb Code     0  startup_stm32f103xe.o(.text)
    EXTI0_IRQHandler                         0x080001ef   Thumb Code     0  startup_stm32f103xe.o(.text)
    EXTI15_10_IRQHandler                     0x080001ef   Thumb Code     0  startup_stm32f103xe.o(.text)
    EXTI1_IRQHandler                         0x080001ef   Thumb Code     0  startup_stm32f103xe.o(.text)
    EXTI2_IRQHandler                         0x080001ef   Thumb Code     0  startup_stm32f103xe.o(.text)
    EXTI3_IRQHandler                         0x080001ef   Thumb Code     0  startup_stm32f103xe.o(.text)
    EXTI4_IRQHandler                         0x080001ef   Thumb Code     0  startup_stm32f103xe.o(.text)
    EXTI9_5_IRQHandler                       0x080001ef   Thumb Code     0  startup_stm32f103xe.o(.text)
    FLASH_IRQHandler                         0x080001ef   Thumb Code     0  startup_stm32f103xe.o(.text)
    FSMC_IRQHandler                          0x080001ef   Thumb Code     0  startup_stm32f103xe.o(.text)
    I2C1_ER_IRQHandler                       0x080001ef   Thumb Code     0  startup_stm32f103xe.o(.text)
    I2C1_EV_IRQHandler                       0x080001ef   Thumb Code     0  startup_stm32f103xe.o(.text)
    I2C2_ER_IRQHandler                       0x080001ef   Thumb Code     0  startup_stm32f103xe.o(.text)
    I2C2_EV_IRQHandler                       0x080001ef   Thumb Code     0  startup_stm32f103xe.o(.text)
    PVD_IRQHandler                           0x080001ef   Thumb Code     0  startup_stm32f103xe.o(.text)
    RCC_IRQHandler                           0x080001ef   Thumb Code     0  startup_stm32f103xe.o(.text)
    RTC_Alarm_IRQHandler                     0x080001ef   Thumb Code     0  startup_stm32f103xe.o(.text)
    RTC_IRQHandler                           0x080001ef   Thumb Code     0  startup_stm32f103xe.o(.text)
    SDIO_IRQHandler                          0x080001ef   Thumb Code     0  startup_stm32f103xe.o(.text)
    SPI1_IRQHandler                          0x080001ef   Thumb Code     0  startup_stm32f103xe.o(.text)
    SPI2_IRQHandler                          0x080001ef   Thumb Code     0  startup_stm32f103xe.o(.text)
    SPI3_IRQHandler                          0x080001ef   Thumb Code     0  startup_stm32f103xe.o(.text)
    TAMPER_IRQHandler                        0x080001ef   Thumb Code     0  startup_stm32f103xe.o(.text)
    TIM1_BRK_IRQHandler                      0x080001ef   Thumb Code     0  startup_stm32f103xe.o(.text)
    TIM1_CC_IRQHandler                       0x080001ef   Thumb Code     0  startup_stm32f103xe.o(.text)
    TIM1_TRG_COM_IRQHandler                  0x080001ef   Thumb Code     0  startup_stm32f103xe.o(.text)
    TIM1_UP_IRQHandler                       0x080001ef   Thumb Code     0  startup_stm32f103xe.o(.text)
    TIM2_IRQHandler                          0x080001ef   Thumb Code     0  startup_stm32f103xe.o(.text)
    TIM3_IRQHandler                          0x080001ef   Thumb Code     0  startup_stm32f103xe.o(.text)
    TIM4_IRQHandler                          0x080001ef   Thumb Code     0  startup_stm32f103xe.o(.text)
    TIM5_IRQHandler                          0x080001ef   Thumb Code     0  startup_stm32f103xe.o(.text)
    TIM6_IRQHandler                          0x080001ef   Thumb Code     0  startup_stm32f103xe.o(.text)
    TIM7_IRQHandler                          0x080001ef   Thumb Code     0  startup_stm32f103xe.o(.text)
    TIM8_BRK_IRQHandler                      0x080001ef   Thumb Code     0  startup_stm32f103xe.o(.text)
    TIM8_CC_IRQHandler                       0x080001ef   Thumb Code     0  startup_stm32f103xe.o(.text)
    TIM8_TRG_COM_IRQHandler                  0x080001ef   Thumb Code     0  startup_stm32f103xe.o(.text)
    TIM8_UP_IRQHandler                       0x080001ef   Thumb Code     0  startup_stm32f103xe.o(.text)
    UART4_IRQHandler                         0x080001ef   Thumb Code     0  startup_stm32f103xe.o(.text)
    UART5_IRQHandler                         0x080001ef   Thumb Code     0  startup_stm32f103xe.o(.text)
    USART2_IRQHandler                        0x080001ef   Thumb Code     0  startup_stm32f103xe.o(.text)
    USART3_IRQHandler                        0x080001ef   Thumb Code     0  startup_stm32f103xe.o(.text)
    USBWakeUp_IRQHandler                     0x080001ef   Thumb Code     0  startup_stm32f103xe.o(.text)
    USB_HP_CAN1_TX_IRQHandler                0x080001ef   Thumb Code     0  startup_stm32f103xe.o(.text)
    USB_LP_CAN1_RX0_IRQHandler               0x080001ef   Thumb Code     0  startup_stm32f103xe.o(.text)
    WWDG_IRQHandler                          0x080001ef   Thumb Code     0  startup_stm32f103xe.o(.text)
    __user_initial_stackheap                 0x080001f1   Thumb Code     0  startup_stm32f103xe.o(.text)
    __use_no_semihosting                     0x08000215   Thumb Code     2  use_no_semi_2.o(.text)
    __aeabi_llsr                             0x08000217   Thumb Code     0  llushr.o(.text)
    _ll_ushift_r                             0x08000217   Thumb Code    38  llushr.o(.text)
    __2printf                                0x0800023d   Thumb Code    20  noretval__2printf.o(.text)
    __printf                                 0x08000255   Thumb Code   104  __printf.o(.text)
    _printf_int_dec                          0x080002bd   Thumb Code   104  _printf_dec.o(.text)
    __use_two_region_memory                  0x08000335   Thumb Code     2  heapauxi.o(.text)
    __rt_heap_escrow$2region                 0x08000337   Thumb Code     2  heapauxi.o(.text)
    __rt_heap_expand$2region                 0x08000339   Thumb Code     2  heapauxi.o(.text)
    __I$use$semihosting                      0x0800033b   Thumb Code     0  use_no_semi.o(.text)
    __use_no_semihosting_swi                 0x0800033b   Thumb Code     2  use_no_semi.o(.text)
    _printf_int_common                       0x0800033d   Thumb Code   178  _printf_intcommon.o(.text)
    _printf_char_file                        0x080003f1   Thumb Code    32  _printf_char_file.o(.text)
    _printf_char_common                      0x0800041f   Thumb Code    32  _printf_char_common.o(.text)
    ferror                                   0x08000445   Thumb Code     8  ferror.o(.text)
    __user_setup_stackheap                   0x0800044d   Thumb Code    74  sys_stackheap_outer.o(.text)
    exit                                     0x08000497   Thumb Code    18  exit.o(.text)
    __user_libspace                          0x080004a9   Thumb Code     8  libspace.o(.text)
    __user_perproc_libspace                  0x080004a9   Thumb Code     0  libspace.o(.text)
    __user_perthread_libspace                0x080004a9   Thumb Code     0  libspace.o(.text)
    BusFault_Handler                         0x080004b1   Thumb Code     4  stm32f1xx_it.o(i.BusFault_Handler)
    DebugMon_Handler                         0x080004b5   Thumb Code     2  stm32f1xx_it.o(i.DebugMon_Handler)
    FLASH_PageErase                          0x080004b9   Thumb Code    32  stm32f1xx_hal_flash_ex.o(i.FLASH_PageErase)
    FLASH_WaitForLastOperation               0x08000585   Thumb Code   106  stm32f1xx_hal_flash.o(i.FLASH_WaitForLastOperation)
    GG_MENU1_Init                            0x080005f5   Thumb Code    18  menu1.o(i.GG_MENU1_Init)
    GG_MENU2_Init                            0x08000619   Thumb Code    18  menu2.o(i.GG_MENU2_Init)
    GG_MENU3_Init                            0x0800063d   Thumb Code    18  menu3.o(i.GG_MENU3_Init)
    GG_MENU_BackThreadSignWork               0x08000661   Thumb Code    40  gg_menu.o(i.GG_MENU_BackThreadSignWork)
    GG_MENU_Init                             0x0800074d   Thumb Code    14  gg_menu.o(i.GG_MENU_Init)
    GG_MENU_LastSignWork                     0x0800084d   Thumb Code    30  gg_menu.o(i.GG_MENU_LastSignWork)
    GG_MENU_MenuStaUpdate                    0x08000875   Thumb Code    18  gg_menu.o(i.GG_MENU_MenuStaUpdate)
    GG_MENU_SendKeySign                      0x0800088d   Thumb Code     8  gg_menu.o(i.GG_MENU_SendKeySign)
    HAL_DMA_Abort_IT                         0x08000a9d   Thumb Code   414  stm32f1xx_hal_dma.o(i.HAL_DMA_Abort_IT)
    HAL_FLASH_Lock                           0x08000c45   Thumb Code    16  stm32f1xx_hal_flash.o(i.HAL_FLASH_Lock)
    HAL_FLASH_Program                        0x08000c59   Thumb Code   168  stm32f1xx_hal_flash.o(i.HAL_FLASH_Program)
    HAL_FLASH_Unlock                         0x08000d09   Thumb Code    36  stm32f1xx_hal_flash.o(i.HAL_FLASH_Unlock)
    HAL_GPIO_Init                            0x08000d39   Thumb Code   792  stm32f1xx_hal_gpio.o(i.HAL_GPIO_Init)
    HAL_GPIO_ReadPin                         0x08001079   Thumb Code    16  stm32f1xx_hal_gpio.o(i.HAL_GPIO_ReadPin)
    HAL_GPIO_WritePin                        0x08001089   Thumb Code    12  stm32f1xx_hal_gpio.o(i.HAL_GPIO_WritePin)
    HAL_GetTick                              0x08001095   Thumb Code     6  stm32f1xx_hal.o(i.HAL_GetTick)
    HAL_IncTick                              0x080010a1   Thumb Code    16  stm32f1xx_hal.o(i.HAL_IncTick)
    HAL_Init                                 0x080010b9   Thumb Code    34  stm32f1xx_hal.o(i.HAL_Init)
    HAL_InitTick                             0x080010e1   Thumb Code    64  stm32f1xx_hal.o(i.HAL_InitTick)
    HAL_MspInit                              0x0800112d   Thumb Code     2  stm32f1xx_hal_msp.o(i.HAL_MspInit)
    HAL_NVIC_EnableIRQ                       0x0800112f   Thumb Code    32  stm32f1xx_hal_cortex.o(i.HAL_NVIC_EnableIRQ)
    HAL_NVIC_SetPriority                     0x0800114f   Thumb Code   124  stm32f1xx_hal_cortex.o(i.HAL_NVIC_SetPriority)
    HAL_NVIC_SetPriorityGrouping             0x080011cd   Thumb Code    32  stm32f1xx_hal_cortex.o(i.HAL_NVIC_SetPriorityGrouping)
    HAL_RCC_ClockConfig                      0x080011f5   Thumb Code   376  stm32f1xx_hal_rcc.o(i.HAL_RCC_ClockConfig)
    HAL_RCC_GetHCLKFreq                      0x08001381   Thumb Code     6  stm32f1xx_hal_rcc.o(i.HAL_RCC_GetHCLKFreq)
    HAL_RCC_GetPCLK1Freq                     0x0800138d   Thumb Code    22  stm32f1xx_hal_rcc.o(i.HAL_RCC_GetPCLK1Freq)
    HAL_RCC_GetPCLK2Freq                     0x080013ad   Thumb Code    22  stm32f1xx_hal_rcc.o(i.HAL_RCC_GetPCLK2Freq)
    HAL_RCC_GetSysClockFreq                  0x080013cd   Thumb Code   116  stm32f1xx_hal_rcc.o(i.HAL_RCC_GetSysClockFreq)
    HAL_RCC_OscConfig                        0x08001461   Thumb Code  1114  stm32f1xx_hal_rcc.o(i.HAL_RCC_OscConfig)
    HAL_SPI_Init                             0x080018c5   Thumb Code   156  stm32f1xx_hal_spi.o(i.HAL_SPI_Init)
    HAL_SPI_MspInit                          0x08001961   Thumb Code     2  stm32f1xx_hal_spi.o(i.HAL_SPI_MspInit)
    HAL_SYSTICK_CLKSourceConfig              0x08001963   Thumb Code    40  stm32f1xx_hal_cortex.o(i.HAL_SYSTICK_CLKSourceConfig)
    HAL_SYSTICK_Config                       0x0800198b   Thumb Code    52  stm32f1xx_hal_cortex.o(i.HAL_SYSTICK_Config)
    HAL_UART_ErrorCallback                   0x080019bf   Thumb Code     2  stm32f1xx_hal_uart.o(i.HAL_UART_ErrorCallback)
    HAL_UART_IRQHandler                      0x080019c1   Thumb Code   326  stm32f1xx_hal_uart.o(i.HAL_UART_IRQHandler)
    HAL_UART_Init                            0x08001b0d   Thumb Code   114  stm32f1xx_hal_uart.o(i.HAL_UART_Init)
    HAL_UART_MspInit                         0x08001b81   Thumb Code   156  usart.o(i.HAL_UART_MspInit)
    HAL_UART_Receive_IT                      0x08001c29   Thumb Code   112  stm32f1xx_hal_uart.o(i.HAL_UART_Receive_IT)
    HAL_UART_RxCpltCallback                  0x08001c99   Thumb Code   120  usart.o(i.HAL_UART_RxCpltCallback)
    HAL_UART_TxCpltCallback                  0x08001d21   Thumb Code     2  stm32f1xx_hal_uart.o(i.HAL_UART_TxCpltCallback)
    HardFault_Handler                        0x08001d23   Thumb Code     4  stm32f1xx_it.o(i.HardFault_Handler)
    KEY_Init                                 0x08001d29   Thumb Code   148  key.o(i.KEY_Init)
    LCD_ALL_Clear                            0x08001f95   Thumb Code    22  lcd.o(i.LCD_ALL_Clear)
    LCD_Address_Set                          0x08001fab   Thumb Code    58  lcd_init.o(i.LCD_Address_Set)
    LCD_DrawPoint                            0x08001fe5   Thumb Code    28  lcd.o(i.LCD_DrawPoint)
    LCD_Fill                                 0x08002001   Thumb Code    74  lcd.o(i.LCD_Fill)
    LCD_GPIO_Init                            0x0800204d   Thumb Code   146  lcd_init.o(i.LCD_GPIO_Init)
    LCD_Init                                 0x080020ed   Thumb Code   432  lcd_init.o(i.LCD_Init)
    LCD_ShowChar_                            0x080022a1   Thumb Code   328  lcd.o(i.LCD_ShowChar_)
    LCD_ShowChinese                          0x080023f9   Thumb Code   140  lcd.o(i.LCD_ShowChinese)
    LCD_ShowChinese16x16                     0x08002485   Thumb Code   254  lcd.o(i.LCD_ShowChinese16x16)
    LCD_ShowChinese24x24                     0x08002589   Thumb Code   270  lcd.o(i.LCD_ShowChinese24x24)
    LCD_ShowChinese32x32                     0x0800269d   Thumb Code   254  lcd.o(i.LCD_ShowChinese32x32)
    LCD_ShowChinese40x40                     0x080027a1   Thumb Code   254  lcd.o(i.LCD_ShowChinese40x40)
    LCD_ShowStr                              0x080028a5   Thumb Code    58  lcd.o(i.LCD_ShowStr)
    LCD_ShowString                           0x080028df   Thumb Code    66  lcd.o(i.LCD_ShowString)
    LCD_WR_DATA                              0x08002921   Thumb Code    18  lcd_init.o(i.LCD_WR_DATA)
    LCD_WR_DATA8                             0x08002933   Thumb Code    12  lcd_init.o(i.LCD_WR_DATA8)
    LCD_WR_REG                               0x08002941   Thumb Code    32  lcd_init.o(i.LCD_WR_REG)
    LCD_Writ_Bus                             0x08002965   Thumb Code    94  lcd_init.o(i.LCD_Writ_Bus)
    MemManage_Handler                        0x080029c9   Thumb Code     4  stm32f1xx_it.o(i.MemManage_Handler)
    NMI_Handler                              0x080029fd   Thumb Code     2  stm32f1xx_it.o(i.NMI_Handler)
    PendSV_Handler                           0x080029ff   Thumb Code     2  stm32f1xx_it.o(i.PendSV_Handler)
    SPI2_Init                                0x08002a29   Thumb Code   156  lcd_init.o(i.SPI2_Init)
    STMFLASH_Read                            0x08002ad1   Thumb Code    34  flash.o(i.STMFLASH_Read)
    STMFLASH_ReadHalfWord                    0x08002af3   Thumb Code     6  flash.o(i.STMFLASH_ReadHalfWord)
    STMFLASH_Write                           0x08002af9   Thumb Code   252  flash.o(i.STMFLASH_Write)
    STMFLASH_Write_NoCheck                   0x08002c01   Thumb Code    44  flash.o(i.STMFLASH_Write_NoCheck)
    SVC_Handler                              0x08002c2d   Thumb Code     2  stm32f1xx_it.o(i.SVC_Handler)
    Stm32_Clock_Init                         0x08002c2f   Thumb Code    86  sys.o(i.Stm32_Clock_Init)
    SysTick_Handler                          0x08002c85   Thumb Code     8  stm32f1xx_it.o(i.SysTick_Handler)
    SystemInit                               0x08002c8d   Thumb Code    70  system_stm32f1xx.o(i.SystemInit)
    USART1_IRQHandler                        0x08002fe9   Thumb Code   154  usart.o(i.USART1_IRQHandler)
    UsageFault_Handler                       0x080030a5   Thumb Code     4  stm32f1xx_it.o(i.UsageFault_Handler)
    _sys_exit                                0x080030e1   Thumb Code     4  usart.o(i._sys_exit)
    delay_init                               0x080030e5   Thumb Code    16  delay.o(i.delay_init)
    delay_ms                                 0x080030f9   Thumb Code    24  delay.o(i.delay_ms)
    delay_us                                 0x08003111   Thumb Code    68  delay.o(i.delay_us)
    fputc                                    0x08003159   Thumb Code    24  usart.o(i.fputc)
    keyscan                                  0x08003175   Thumb Code   108  key.o(i.keyscan)
    main                                     0x080031f1   Thumb Code   176  main.o(i.main)
    uart_init                                0x080032b9   Thumb Code    44  usart.o(i.uart_init)
    AHBPrescTable                            0x080032f0   Data          16  system_stm32f1xx.o(.constdata)
    APBPrescTable                            0x08003300   Data           8  system_stm32f1xx.o(.constdata)
    ascii_1608                               0x08003308   Data        1520  lcd.o(.constdata)
    ascii_3216                               0x080038f8   Data        6080  lcd.o(.constdata)
    ascii_4020                               0x080050b8   Data       11400  lcd.o(.constdata)
    ascii_4824                               0x08007d40   Data       13680  lcd.o(.constdata)
    ascii_4832                               0x0800b2b0   Data       18240  lcd.o(.constdata)
    tfont16                                  0x0800f9f0   Data         170  lcd.o(.constdata)
    tfont24                                  0x0800fa9a   Data         370  lcd.o(.constdata)
    tfont32                                  0x0800fc0c   Data        2470  lcd.o(.constdata)
    tfont40                                  0x080105b2   Data        3838  lcd.o(.constdata)
    Region$$Table$$Base                      0x08011540   Number         0  anon$$obj.o(Region$$Table)
    Region$$Table$$Limit                     0x08011560   Number         0  anon$$obj.o(Region$$Table)
    SystemCoreClock                          0x20000000   Data           4  system_stm32f1xx.o(.data)
    uwTick                                   0x20000004   Data           4  stm32f1xx_hal.o(.data)
    uwTickPrio                               0x20000008   Data           4  stm32f1xx_hal.o(.data)
    uwTickFreq                               0x2000000c   Data           1  stm32f1xx_hal.o(.data)
    __stdout                                 0x20000014   Data           4  usart.o(.data)
    USART_RX_STA                             0x20000018   Data           2  usart.o(.data)
    aRxBuffer                                0x2000001a   Data           1  usart.o(.data)
    g_MENU_MainSta                           0x2000001c   Data           3  gg_menu.o(.data)
    MENUMAIN                                 0x20000048   Data          12  main.o(.bss)
    MENU1                                    0x20000054   Data          20  main.o(.bss)
    MENU2                                    0x20000068   Data          20  main.o(.bss)
    MENU3                                    0x2000007c   Data          20  main.o(.bss)
    pFlash                                   0x20000090   Data          32  stm32f1xx_hal_flash.o(.bss)
    USART_RX_BUF                             0x200000b0   Data         200  usart.o(.bss)
    UART1_Handler                            0x20000178   Data          64  usart.o(.bss)
    STMFLASH_BUF                             0x200001b8   Data        2048  flash.o(.bss)
    __libspace_start                         0x200009b8   Data          96  libspace.o(.bss)
    __temporary_stack_top$libspace           0x20000a18   Data           0  libspace.o(.bss)



==============================================================================

Memory Map of the image

  Image Entry point : 0x08000131

  Load Region LR_IROM1 (Base: 0x08000000, Size: 0x000115a8, Max: 0x00080000, ABSOLUTE)

    Execution Region ER_IROM1 (Exec base: 0x08000000, Load base: 0x08000000, Size: 0x00011560, Max: 0x00080000, ABSOLUTE)

    Exec Addr    Load Addr    Size         Type   Attr      Idx    E Section Name        Object

    0x08000000   0x08000000   0x00000130   Data   RO          635    RESET               startup_stm32f103xe.o
    0x08000130   0x08000130   0x00000008   Code   RO         8928  * !!!main             c_w.l(__main.o)
    0x08000138   0x08000138   0x00000034   Code   RO         9109    !!!scatter          c_w.l(__scatter.o)
    0x0800016c   0x0800016c   0x0000001a   Code   RO         9111    !!handler_copy      c_w.l(__scatter_copy.o)
    0x08000186   0x08000186   0x00000002   PAD
    0x08000188   0x08000188   0x0000001c   Code   RO         9113    !!handler_zi        c_w.l(__scatter_zi.o)
    0x080001a4   0x080001a4   0x00000000   Code   RO         8923    .ARM.Collect$$_printf_percent$$00000000  c_w.l(_printf_percent.o)
    0x080001a4   0x080001a4   0x00000006   Code   RO         8922    .ARM.Collect$$_printf_percent$$00000009  c_w.l(_printf_d.o)
    0x080001aa   0x080001aa   0x00000004   Code   RO         8943    .ARM.Collect$$_printf_percent$$00000017  c_w.l(_printf_percent_end.o)
    0x080001ae   0x080001ae   0x00000002   Code   RO         8981    .ARM.Collect$$libinit$$00000000  c_w.l(libinit.o)
    0x080001b0   0x080001b0   0x00000000   Code   RO         8988    .ARM.Collect$$libinit$$00000002  c_w.l(libinit2.o)
    0x080001b0   0x080001b0   0x00000000   Code   RO         8990    .ARM.Collect$$libinit$$00000004  c_w.l(libinit2.o)
    0x080001b0   0x080001b0   0x00000000   Code   RO         8993    .ARM.Collect$$libinit$$0000000A  c_w.l(libinit2.o)
    0x080001b0   0x080001b0   0x00000000   Code   RO         8995    .ARM.Collect$$libinit$$0000000C  c_w.l(libinit2.o)
    0x080001b0   0x080001b0   0x00000000   Code   RO         8997    .ARM.Collect$$libinit$$0000000E  c_w.l(libinit2.o)
    0x080001b0   0x080001b0   0x00000000   Code   RO         9000    .ARM.Collect$$libinit$$00000011  c_w.l(libinit2.o)
    0x080001b0   0x080001b0   0x00000000   Code   RO         9002    .ARM.Collect$$libinit$$00000013  c_w.l(libinit2.o)
    0x080001b0   0x080001b0   0x00000000   Code   RO         9004    .ARM.Collect$$libinit$$00000015  c_w.l(libinit2.o)
    0x080001b0   0x080001b0   0x00000000   Code   RO         9006    .ARM.Collect$$libinit$$00000017  c_w.l(libinit2.o)
    0x080001b0   0x080001b0   0x00000000   Code   RO         9008    .ARM.Collect$$libinit$$00000019  c_w.l(libinit2.o)
    0x080001b0   0x080001b0   0x00000000   Code   RO         9010    .ARM.Collect$$libinit$$0000001B  c_w.l(libinit2.o)
    0x080001b0   0x080001b0   0x00000000   Code   RO         9012    .ARM.Collect$$libinit$$0000001D  c_w.l(libinit2.o)
    0x080001b0   0x080001b0   0x00000000   Code   RO         9014    .ARM.Collect$$libinit$$0000001F  c_w.l(libinit2.o)
    0x080001b0   0x080001b0   0x00000000   Code   RO         9016    .ARM.Collect$$libinit$$00000021  c_w.l(libinit2.o)
    0x080001b0   0x080001b0   0x00000000   Code   RO         9018    .ARM.Collect$$libinit$$00000023  c_w.l(libinit2.o)
    0x080001b0   0x080001b0   0x00000000   Code   RO         9020    .ARM.Collect$$libinit$$00000025  c_w.l(libinit2.o)
    0x080001b0   0x080001b0   0x00000000   Code   RO         9024    .ARM.Collect$$libinit$$0000002C  c_w.l(libinit2.o)
    0x080001b0   0x080001b0   0x00000000   Code   RO         9026    .ARM.Collect$$libinit$$0000002E  c_w.l(libinit2.o)
    0x080001b0   0x080001b0   0x00000000   Code   RO         9028    .ARM.Collect$$libinit$$00000030  c_w.l(libinit2.o)
    0x080001b0   0x080001b0   0x00000000   Code   RO         9030    .ARM.Collect$$libinit$$00000032  c_w.l(libinit2.o)
    0x080001b0   0x080001b0   0x00000002   Code   RO         9031    .ARM.Collect$$libinit$$00000033  c_w.l(libinit2.o)
    0x080001b2   0x080001b2   0x00000002   Code   RO         9049    .ARM.Collect$$libshutdown$$00000000  c_w.l(libshutdown.o)
    0x080001b4   0x080001b4   0x00000000   Code   RO         9059    .ARM.Collect$$libshutdown$$00000002  c_w.l(libshutdown2.o)
    0x080001b4   0x080001b4   0x00000000   Code   RO         9061    .ARM.Collect$$libshutdown$$00000004  c_w.l(libshutdown2.o)
    0x080001b4   0x080001b4   0x00000000   Code   RO         9063    .ARM.Collect$$libshutdown$$00000006  c_w.l(libshutdown2.o)
    0x080001b4   0x080001b4   0x00000000   Code   RO         9066    .ARM.Collect$$libshutdown$$00000009  c_w.l(libshutdown2.o)
    0x080001b4   0x080001b4   0x00000000   Code   RO         9069    .ARM.Collect$$libshutdown$$0000000C  c_w.l(libshutdown2.o)
    0x080001b4   0x080001b4   0x00000000   Code   RO         9071    .ARM.Collect$$libshutdown$$0000000E  c_w.l(libshutdown2.o)
    0x080001b4   0x080001b4   0x00000000   Code   RO         9074    .ARM.Collect$$libshutdown$$00000011  c_w.l(libshutdown2.o)
    0x080001b4   0x080001b4   0x00000002   Code   RO         9075    .ARM.Collect$$libshutdown$$00000012  c_w.l(libshutdown2.o)
    0x080001b6   0x080001b6   0x00000000   Code   RO         8938    .ARM.Collect$$rtentry$$00000000  c_w.l(__rtentry.o)
    0x080001b6   0x080001b6   0x00000000   Code   RO         8950    .ARM.Collect$$rtentry$$00000002  c_w.l(__rtentry2.o)
    0x080001b6   0x080001b6   0x00000006   Code   RO         8962    .ARM.Collect$$rtentry$$00000004  c_w.l(__rtentry4.o)
    0x080001bc   0x080001bc   0x00000000   Code   RO         8952    .ARM.Collect$$rtentry$$00000009  c_w.l(__rtentry2.o)
    0x080001bc   0x080001bc   0x00000004   Code   RO         8953    .ARM.Collect$$rtentry$$0000000A  c_w.l(__rtentry2.o)
    0x080001c0   0x080001c0   0x00000000   Code   RO         8955    .ARM.Collect$$rtentry$$0000000C  c_w.l(__rtentry2.o)
    0x080001c0   0x080001c0   0x00000008   Code   RO         8956    .ARM.Collect$$rtentry$$0000000D  c_w.l(__rtentry2.o)
    0x080001c8   0x080001c8   0x00000002   Code   RO         8985    .ARM.Collect$$rtexit$$00000000  c_w.l(rtexit.o)
    0x080001ca   0x080001ca   0x00000000   Code   RO         9033    .ARM.Collect$$rtexit$$00000002  c_w.l(rtexit2.o)
    0x080001ca   0x080001ca   0x00000004   Code   RO         9034    .ARM.Collect$$rtexit$$00000003  c_w.l(rtexit2.o)
    0x080001ce   0x080001ce   0x00000006   Code   RO         9035    .ARM.Collect$$rtexit$$00000004  c_w.l(rtexit2.o)
    0x080001d4   0x080001d4   0x00000040   Code   RO          636    .text               startup_stm32f103xe.o
    0x08000214   0x08000214   0x00000002   Code   RO         8890    .text               c_w.l(use_no_semi_2.o)
    0x08000216   0x08000216   0x00000026   Code   RO         8892    .text               c_w.l(llushr.o)
    0x0800023c   0x0800023c   0x00000018   Code   RO         8896    .text               c_w.l(noretval__2printf.o)
    0x08000254   0x08000254   0x00000068   Code   RO         8898    .text               c_w.l(__printf.o)
    0x080002bc   0x080002bc   0x00000078   Code   RO         8900    .text               c_w.l(_printf_dec.o)
    0x08000334   0x08000334   0x00000006   Code   RO         8926    .text               c_w.l(heapauxi.o)
    0x0800033a   0x0800033a   0x00000002   Code   RO         8936    .text               c_w.l(use_no_semi.o)
    0x0800033c   0x0800033c   0x000000b2   Code   RO         8939    .text               c_w.l(_printf_intcommon.o)
    0x080003ee   0x080003ee   0x00000002   PAD
    0x080003f0   0x080003f0   0x00000024   Code   RO         8941    .text               c_w.l(_printf_char_file.o)
    0x08000414   0x08000414   0x00000030   Code   RO         8964    .text               c_w.l(_printf_char_common.o)
    0x08000444   0x08000444   0x00000008   Code   RO         8966    .text               c_w.l(ferror.o)
    0x0800044c   0x0800044c   0x0000004a   Code   RO         8970    .text               c_w.l(sys_stackheap_outer.o)
    0x08000496   0x08000496   0x00000012   Code   RO         8974    .text               c_w.l(exit.o)
    0x080004a8   0x080004a8   0x00000008   Code   RO         8982    .text               c_w.l(libspace.o)
    0x080004b0   0x080004b0   0x00000004   Code   RO          442    i.BusFault_Handler  stm32f1xx_it.o
    0x080004b4   0x080004b4   0x00000002   Code   RO          443    i.DebugMon_Handler  stm32f1xx_it.o
    0x080004b6   0x080004b6   0x00000002   PAD
    0x080004b8   0x080004b8   0x00000028   Code   RO         2052    i.FLASH_PageErase   stm32f1xx_hal_flash_ex.o
    0x080004e0   0x080004e0   0x00000020   Code   RO         1940    i.FLASH_Program_HalfWord  stm32f1xx_hal_flash.o
    0x08000500   0x08000500   0x00000084   Code   RO         1941    i.FLASH_SetErrorCode  stm32f1xx_hal_flash.o
    0x08000584   0x08000584   0x00000070   Code   RO         1942    i.FLASH_WaitForLastOperation  stm32f1xx_hal_flash.o
    0x080005f4   0x080005f4   0x00000024   Code   RO         8518    i.GG_MENU1_Init     menu1.o
    0x08000618   0x08000618   0x00000024   Code   RO         8614    i.GG_MENU2_Init     menu2.o
    0x0800063c   0x0800063c   0x00000024   Code   RO         8710    i.GG_MENU3_Init     menu3.o
    0x08000660   0x08000660   0x00000030   Code   RO         8451    i.GG_MENU_BackThreadSignWork  gg_menu.o
    0x08000690   0x08000690   0x00000028   Code   RO         8519    i.GG_MENU_Close     menu1.o
    0x080006b8   0x080006b8   0x00000028   Code   RO         8615    i.GG_MENU_Close     menu2.o
    0x080006e0   0x080006e0   0x00000028   Code   RO         8711    i.GG_MENU_Close     menu3.o
    0x08000708   0x08000708   0x00000016   Code   RO         8520    i.GG_MENU_Hide      menu1.o
    0x0800071e   0x0800071e   0x00000016   Code   RO         8616    i.GG_MENU_Hide      menu2.o
    0x08000734   0x08000734   0x00000016   Code   RO         8712    i.GG_MENU_Hide      menu3.o
    0x0800074a   0x0800074a   0x00000002   PAD
    0x0800074c   0x0800074c   0x0000001c   Code   RO         8452    i.GG_MENU_Init      gg_menu.o
    0x08000768   0x08000768   0x0000004c   Code   RO         8521    i.GG_MENU_KeyUpdate  menu1.o
    0x080007b4   0x080007b4   0x0000004c   Code   RO         8617    i.GG_MENU_KeyUpdate  menu2.o
    0x08000800   0x08000800   0x0000004c   Code   RO         8713    i.GG_MENU_KeyUpdate  menu3.o
    0x0800084c   0x0800084c   0x00000028   Code   RO         8453    i.GG_MENU_LastSignWork  gg_menu.o
    0x08000874   0x08000874   0x00000018   Code   RO         8454    i.GG_MENU_MenuStaUpdate  gg_menu.o
    0x0800088c   0x0800088c   0x0000000c   Code   RO         8455    i.GG_MENU_SendKeySign  gg_menu.o
    0x08000898   0x08000898   0x00000020   Code   RO         8522    i.GG_MENU_Show      menu1.o
    0x080008b8   0x080008b8   0x00000020   Code   RO         8618    i.GG_MENU_Show      menu2.o
    0x080008d8   0x080008d8   0x00000020   Code   RO         8714    i.GG_MENU_Show      menu3.o
    0x080008f8   0x080008f8   0x00000008   Code   RO         8523    i.GG_MenuDefCloseCallback  menu1.o
    0x08000900   0x08000900   0x00000008   Code   RO         8619    i.GG_MenuDefCloseCallback  menu2.o
    0x08000908   0x08000908   0x00000008   Code   RO         8715    i.GG_MenuDefCloseCallback  menu3.o
    0x08000910   0x08000910   0x00000008   Code   RO         8524    i.GG_MenuDefHideCallback  menu1.o
    0x08000918   0x08000918   0x00000008   Code   RO         8620    i.GG_MenuDefHideCallback  menu2.o
    0x08000920   0x08000920   0x00000008   Code   RO         8716    i.GG_MenuDefHideCallback  menu3.o
    0x08000928   0x08000928   0x00000040   Code   RO         8525    i.GG_MenuDefShowCallback  menu1.o
    0x08000968   0x08000968   0x00000058   Code   RO         8621    i.GG_MenuDefShowCallback  menu2.o
    0x080009c0   0x080009c0   0x0000007c   Code   RO         8717    i.GG_MenuDefShowCallback  menu3.o
    0x08000a3c   0x08000a3c   0x00000020   Code   RO         8526    i.GG_MenuSignChangeCallback  menu1.o
    0x08000a5c   0x08000a5c   0x00000020   Code   RO         8622    i.GG_MenuSignChangeCallback  menu2.o
    0x08000a7c   0x08000a7c   0x00000020   Code   RO         8718    i.GG_MenuSignChangeCallback  menu3.o
    0x08000a9c   0x08000a9c   0x000001a8   Code   RO         1757    i.HAL_DMA_Abort_IT  stm32f1xx_hal_dma.o
    0x08000c44   0x08000c44   0x00000014   Code   RO         1946    i.HAL_FLASH_Lock    stm32f1xx_hal_flash.o
    0x08000c58   0x08000c58   0x000000b0   Code   RO         1951    i.HAL_FLASH_Program  stm32f1xx_hal_flash.o
    0x08000d08   0x08000d08   0x00000030   Code   RO         1953    i.HAL_FLASH_Unlock  stm32f1xx_hal_flash.o
    0x08000d38   0x08000d38   0x00000340   Code   RO         2152    i.HAL_GPIO_Init     stm32f1xx_hal_gpio.o
    0x08001078   0x08001078   0x00000010   Code   RO         2154    i.HAL_GPIO_ReadPin  stm32f1xx_hal_gpio.o
    0x08001088   0x08001088   0x0000000c   Code   RO         2156    i.HAL_GPIO_WritePin  stm32f1xx_hal_gpio.o
    0x08001094   0x08001094   0x0000000c   Code   RO          654    i.HAL_GetTick       stm32f1xx_hal.o
    0x080010a0   0x080010a0   0x00000018   Code   RO          660    i.HAL_IncTick       stm32f1xx_hal.o
    0x080010b8   0x080010b8   0x00000028   Code   RO          661    i.HAL_Init          stm32f1xx_hal.o
    0x080010e0   0x080010e0   0x0000004c   Code   RO          662    i.HAL_InitTick      stm32f1xx_hal.o
    0x0800112c   0x0800112c   0x00000002   Code   RO          248    i.HAL_MspInit       stm32f1xx_hal_msp.o
    0x0800112e   0x0800112e   0x00000020   Code   RO         1347    i.HAL_NVIC_EnableIRQ  stm32f1xx_hal_cortex.o
    0x0800114e   0x0800114e   0x0000007c   Code   RO         1353    i.HAL_NVIC_SetPriority  stm32f1xx_hal_cortex.o
    0x080011ca   0x080011ca   0x00000002   PAD
    0x080011cc   0x080011cc   0x00000028   Code   RO         1354    i.HAL_NVIC_SetPriorityGrouping  stm32f1xx_hal_cortex.o
    0x080011f4   0x080011f4   0x0000018c   Code   RO         4232    i.HAL_RCC_ClockConfig  stm32f1xx_hal_rcc.o
    0x08001380   0x08001380   0x0000000c   Code   RO         4237    i.HAL_RCC_GetHCLKFreq  stm32f1xx_hal_rcc.o
    0x0800138c   0x0800138c   0x00000020   Code   RO         4239    i.HAL_RCC_GetPCLK1Freq  stm32f1xx_hal_rcc.o
    0x080013ac   0x080013ac   0x00000020   Code   RO         4240    i.HAL_RCC_GetPCLK2Freq  stm32f1xx_hal_rcc.o
    0x080013cc   0x080013cc   0x00000094   Code   RO         4241    i.HAL_RCC_GetSysClockFreq  stm32f1xx_hal_rcc.o
    0x08001460   0x08001460   0x00000464   Code   RO         4244    i.HAL_RCC_OscConfig  stm32f1xx_hal_rcc.o
    0x080018c4   0x080018c4   0x0000009c   Code   RO         5160    i.HAL_SPI_Init      stm32f1xx_hal_spi.o
    0x08001960   0x08001960   0x00000002   Code   RO         5162    i.HAL_SPI_MspInit   stm32f1xx_hal_spi.o
    0x08001962   0x08001962   0x00000028   Code   RO         1356    i.HAL_SYSTICK_CLKSourceConfig  stm32f1xx_hal_cortex.o
    0x0800198a   0x0800198a   0x00000034   Code   RO         1358    i.HAL_SYSTICK_Config  stm32f1xx_hal_cortex.o
    0x080019be   0x080019be   0x00000002   Code   RO         6592    i.HAL_UART_ErrorCallback  stm32f1xx_hal_uart.o
    0x080019c0   0x080019c0   0x0000014c   Code   RO         6595    i.HAL_UART_IRQHandler  stm32f1xx_hal_uart.o
    0x08001b0c   0x08001b0c   0x00000072   Code   RO         6596    i.HAL_UART_Init     stm32f1xx_hal_uart.o
    0x08001b7e   0x08001b7e   0x00000002   PAD
    0x08001b80   0x08001b80   0x000000a8   Code   RO         8129    i.HAL_UART_MspInit  usart.o
    0x08001c28   0x08001c28   0x00000070   Code   RO         6601    i.HAL_UART_Receive_IT  stm32f1xx_hal_uart.o
    0x08001c98   0x08001c98   0x00000088   Code   RO         8130    i.HAL_UART_RxCpltCallback  usart.o
    0x08001d20   0x08001d20   0x00000002   Code   RO         6607    i.HAL_UART_TxCpltCallback  stm32f1xx_hal_uart.o
    0x08001d22   0x08001d22   0x00000004   Code   RO          444    i.HardFault_Handler  stm32f1xx_it.o
    0x08001d26   0x08001d26   0x00000002   PAD
    0x08001d28   0x08001d28   0x000000a0   Code   RO         8806    i.KEY_Init          key.o
    0x08001dc8   0x08001dc8   0x00000014   Code   RO         8527    i.KeyDownAction     menu1.o
    0x08001ddc   0x08001ddc   0x00000028   Code   RO         8623    i.KeyDownAction     menu2.o
    0x08001e04   0x08001e04   0x00000014   Code   RO         8719    i.KeyDownAction     menu3.o
    0x08001e18   0x08001e18   0x00000014   Code   RO         8528    i.KeyModeAction     menu1.o
    0x08001e2c   0x08001e2c   0x00000028   Code   RO         8624    i.KeyModeAction     menu2.o
    0x08001e54   0x08001e54   0x00000028   Code   RO         8720    i.KeyModeAction     menu3.o
    0x08001e7c   0x08001e7c   0x00000014   Code   RO         8529    i.KeySelectAction   menu1.o
    0x08001e90   0x08001e90   0x00000028   Code   RO         8625    i.KeySelectAction   menu2.o
    0x08001eb8   0x08001eb8   0x00000014   Code   RO         8721    i.KeySelectAction   menu3.o
    0x08001ecc   0x08001ecc   0x00000014   Code   RO         8530    i.KeyUpAction       menu1.o
    0x08001ee0   0x08001ee0   0x00000028   Code   RO         8626    i.KeyUpAction       menu2.o
    0x08001f08   0x08001f08   0x00000014   Code   RO         8722    i.KeyUpAction       menu3.o
    0x08001f1c   0x08001f1c   0x00000028   Code   RO         8531    i.KeyUpLongAction   menu1.o
    0x08001f44   0x08001f44   0x00000028   Code   RO         8627    i.KeyUpLongAction   menu2.o
    0x08001f6c   0x08001f6c   0x00000028   Code   RO         8723    i.KeyUpLongAction   menu3.o
    0x08001f94   0x08001f94   0x00000016   Code   RO         8266    i.LCD_ALL_Clear     lcd.o
    0x08001faa   0x08001faa   0x0000003a   Code   RO         8195    i.LCD_Address_Set   lcd_init.o
    0x08001fe4   0x08001fe4   0x0000001c   Code   RO         8268    i.LCD_DrawPoint     lcd.o
    0x08002000   0x08002000   0x0000004a   Code   RO         8270    i.LCD_Fill          lcd.o
    0x0800204a   0x0800204a   0x00000002   PAD
    0x0800204c   0x0800204c   0x000000a0   Code   RO         8196    i.LCD_GPIO_Init     lcd_init.o
    0x080020ec   0x080020ec   0x000001b4   Code   RO         8197    i.LCD_Init          lcd_init.o
    0x080022a0   0x080022a0   0x00000158   Code   RO         8274    i.LCD_ShowChar_     lcd.o
    0x080023f8   0x080023f8   0x0000008c   Code   RO         8275    i.LCD_ShowChinese   lcd.o
    0x08002484   0x08002484   0x00000104   Code   RO         8276    i.LCD_ShowChinese16x16  lcd.o
    0x08002588   0x08002588   0x00000114   Code   RO         8277    i.LCD_ShowChinese24x24  lcd.o
    0x0800269c   0x0800269c   0x00000104   Code   RO         8278    i.LCD_ShowChinese32x32  lcd.o
    0x080027a0   0x080027a0   0x00000104   Code   RO         8279    i.LCD_ShowChinese40x40  lcd.o
    0x080028a4   0x080028a4   0x0000003a   Code   RO         8288    i.LCD_ShowStr       lcd.o
    0x080028de   0x080028de   0x00000042   Code   RO         8289    i.LCD_ShowString    lcd.o
    0x08002920   0x08002920   0x00000012   Code   RO         8198    i.LCD_WR_DATA       lcd_init.o
    0x08002932   0x08002932   0x0000000c   Code   RO         8199    i.LCD_WR_DATA8      lcd_init.o
    0x0800293e   0x0800293e   0x00000002   PAD
    0x08002940   0x08002940   0x00000024   Code   RO         8200    i.LCD_WR_REG        lcd_init.o
    0x08002964   0x08002964   0x00000064   Code   RO         8201    i.LCD_Writ_Bus      lcd_init.o
    0x080029c8   0x080029c8   0x00000004   Code   RO          445    i.MemManage_Handler  stm32f1xx_it.o
    0x080029cc   0x080029cc   0x00000010   Code   RO         8456    i.Menu1Action       gg_menu.o
    0x080029dc   0x080029dc   0x00000010   Code   RO         8457    i.Menu2Action       gg_menu.o
    0x080029ec   0x080029ec   0x00000010   Code   RO         8458    i.Menu3Action       gg_menu.o
    0x080029fc   0x080029fc   0x00000002   Code   RO          446    i.NMI_Handler       stm32f1xx_it.o
    0x080029fe   0x080029fe   0x00000002   Code   RO          447    i.PendSV_Handler    stm32f1xx_it.o
    0x08002a00   0x08002a00   0x00000028   Code   RO         4245    i.RCC_Delay         stm32f1xx_hal_rcc.o
    0x08002a28   0x08002a28   0x000000a8   Code   RO         8202    i.SPI2_Init         lcd_init.o
    0x08002ad0   0x08002ad0   0x00000022   Code   RO         8837    i.STMFLASH_Read     flash.o
    0x08002af2   0x08002af2   0x00000006   Code   RO         8838    i.STMFLASH_ReadHalfWord  flash.o
    0x08002af8   0x08002af8   0x00000108   Code   RO         8839    i.STMFLASH_Write    flash.o
    0x08002c00   0x08002c00   0x0000002c   Code   RO         8840    i.STMFLASH_Write_NoCheck  flash.o
    0x08002c2c   0x08002c2c   0x00000002   Code   RO          448    i.SVC_Handler       stm32f1xx_it.o
    0x08002c2e   0x08002c2e   0x00000056   Code   RO         8086    i.Stm32_Clock_Init  sys.o
    0x08002c84   0x08002c84   0x00000008   Code   RO          449    i.SysTick_Handler   stm32f1xx_it.o
    0x08002c8c   0x08002c8c   0x00000058   Code   RO          518    i.SystemInit        system_stm32f1xx.o
    0x08002ce4   0x08002ce4   0x00000014   Code   RO         6609    i.UART_DMAAbortOnError  stm32f1xx_hal_uart.o
    0x08002cf8   0x08002cf8   0x00000020   Code   RO         6619    i.UART_EndRxTransfer  stm32f1xx_hal_uart.o
    0x08002d18   0x08002d18   0x00000020   Code   RO         6620    i.UART_EndTransmit_IT  stm32f1xx_hal_uart.o
    0x08002d38   0x08002d38   0x000000a6   Code   RO         6622    i.UART_Receive_IT   stm32f1xx_hal_uart.o
    0x08002dde   0x08002dde   0x00000002   PAD
    0x08002de0   0x08002de0   0x000001a0   Code   RO         6623    i.UART_SetConfig    stm32f1xx_hal_uart.o
    0x08002f80   0x08002f80   0x00000068   Code   RO         6624    i.UART_Transmit_IT  stm32f1xx_hal_uart.o
    0x08002fe8   0x08002fe8   0x000000bc   Code   RO         8131    i.USART1_IRQHandler  usart.o
    0x080030a4   0x080030a4   0x00000004   Code   RO          450    i.UsageFault_Handler  stm32f1xx_it.o
    0x080030a8   0x080030a8   0x00000010   Code   RO         1360    i.__NVIC_GetPriorityGrouping  stm32f1xx_hal_cortex.o
    0x080030b8   0x080030b8   0x00000028   Code   RO         1361    i.__NVIC_SetPriority  stm32f1xx_hal_cortex.o
    0x080030e0   0x080030e0   0x00000004   Code   RO         8132    i._sys_exit         usart.o
    0x080030e4   0x080030e4   0x00000014   Code   RO         7952    i.delay_init        delay.o
    0x080030f8   0x080030f8   0x00000018   Code   RO         7953    i.delay_ms          delay.o
    0x08003110   0x08003110   0x00000048   Code   RO         7954    i.delay_us          delay.o
    0x08003158   0x08003158   0x0000001c   Code   RO         8133    i.fputc             usart.o
    0x08003174   0x08003174   0x0000007c   Code   RO         8807    i.keyscan           key.o
    0x080031f0   0x080031f0   0x000000c8   Code   RO            5    i.main              main.o
    0x080032b8   0x080032b8   0x00000038   Code   RO         8134    i.uart_init         usart.o
    0x080032f0   0x080032f0   0x00000018   Data   RO          519    .constdata          system_stm32f1xx.o
    0x08003308   0x08003308   0x0000e1a8   Data   RO         8292    .constdata          lcd.o
    0x080114b0   0x080114b0   0x00000030   Data   RO         8532    .constdata          menu1.o
    0x080114e0   0x080114e0   0x00000030   Data   RO         8628    .constdata          menu2.o
    0x08011510   0x08011510   0x00000030   Data   RO         8724    .constdata          menu3.o
    0x08011540   0x08011540   0x00000020   Data   RO         9107    Region$$Table       anon$$obj.o


    Execution Region RW_IRAM1 (Exec base: 0x20000000, Load base: 0x08011560, Size: 0x00001018, Max: 0x00010000, ABSOLUTE)

    Exec Addr    Load Addr    Size         Type   Attr      Idx    E Section Name        Object

    0x20000000   0x08011560   0x00000004   Data   RW          520    .data               system_stm32f1xx.o
    0x20000004   0x08011564   0x00000009   Data   RW          668    .data               stm32f1xx_hal.o
    0x2000000d   0x0801156d   0x00000003   PAD
    0x20000010   0x08011570   0x00000004   Data   RW         7955    .data               delay.o
    0x20000014   0x08011574   0x00000007   Data   RW         8136    .data               usart.o
    0x2000001b   0x0801157b   0x00000001   PAD
    0x2000001c   0x0801157c   0x00000028   Data   RW         8459    .data               gg_menu.o
    0x20000044   0x080115a4   0x00000003   Data   RW         8808    .data               key.o
    0x20000047   0x080115a7   0x00000001   PAD
    0x20000048        -       0x00000048   Zero   RW            6    .bss                main.o
    0x20000090        -       0x00000020   Zero   RW         1954    .bss                stm32f1xx_hal_flash.o
    0x200000b0        -       0x00000108   Zero   RW         8135    .bss                usart.o
    0x200001b8        -       0x00000800   Zero   RW         8842    .bss                flash.o
    0x200009b8        -       0x00000060   Zero   RW         8983    .bss                c_w.l(libspace.o)
    0x20000a18        -       0x00000200   Zero   RW          634    HEAP                startup_stm32f103xe.o
    0x20000c18        -       0x00000400   Zero   RW          633    STACK               startup_stm32f103xe.o


==============================================================================

Image component sizes


      Code (inc. data)   RO Data    RW Data    ZI Data      Debug   Object Name

       116          8          0          4          0       3543   delay.o
       348         12          0          0       2048       3241   flash.o
       200         60          0         40          0       4378   gg_menu.o
       284         28          0          3          0       1645   key.o
      1788         40      57768          0          0      10273   lcd.o
       988         40          0          0          0       4906   lcd_init.o
       200         24          0          0         72     414452   main.o
       438        118         48          0          0       6705   menu1.o
       542        156         48          0          0       6725   menu2.o
       518        132         48          0          0       6693   menu3.o
        64         26        304          0       1536        760   startup_stm32f103xe.o
       152         32          0          9          0       5633   stm32f1xx_hal.o
       344         22          0          0          0      29553   stm32f1xx_hal_cortex.o
       424         10          0          0          0       1155   stm32f1xx_hal_dma.o
       520         48          0          0         32       3918   stm32f1xx_hal_flash.o
        40          8          0          0          0        530   stm32f1xx_hal_flash_ex.o
       860         40          0          0          0       3187   stm32f1xx_hal_gpio.o
         2          0          0          0          0     455874   stm32f1xx_hal_msp.o
      1784        110          0          0          0       5724   stm32f1xx_hal_rcc.o
       158          0          0          0          0       1581   stm32f1xx_hal_spi.o
      1332         10          0          0          0       7227   stm32f1xx_hal_uart.o
        32          0          0          0          0       3398   stm32f1xx_it.o
        86          0          0          0          0        655   sys.o
        88         18         24          4          0        971   system_stm32f1xx.o
       580         78          0          7        264       5246   usart.o

    ----------------------------------------------------------------------
     11904       1020      58272         72       3952     987973   Object Totals
         0          0         32          0          0          0   (incl. Generated)
        16          0          0          5          0          0   (incl. Padding)

    ----------------------------------------------------------------------

      Code (inc. data)   RO Data    RW Data    ZI Data      Debug   Library Member Name

         8          0          0          0          0         68   __main.o
       104          0          0          0          0         84   __printf.o
         0          0          0          0          0          0   __rtentry.o
        12          0          0          0          0          0   __rtentry2.o
         6          0          0          0          0          0   __rtentry4.o
        52          8          0          0          0          0   __scatter.o
        26          0          0          0          0          0   __scatter_copy.o
        28          0          0          0          0          0   __scatter_zi.o
        48          6          0          0          0         96   _printf_char_common.o
        36          4          0          0          0         80   _printf_char_file.o
         6          0          0          0          0          0   _printf_d.o
       120         16          0          0          0         92   _printf_dec.o
       178          0          0          0          0         88   _printf_intcommon.o
         0          0          0          0          0          0   _printf_percent.o
         4          0          0          0          0          0   _printf_percent_end.o
        18          0          0          0          0         80   exit.o
         8          0          0          0          0         68   ferror.o
         6          0          0          0          0        152   heapauxi.o
         2          0          0          0          0          0   libinit.o
         2          0          0          0          0          0   libinit2.o
         2          0          0          0          0          0   libshutdown.o
         2          0          0          0          0          0   libshutdown2.o
         8          4          0          0         96         68   libspace.o
        38          0          0          0          0         68   llushr.o
        24          4          0          0          0         84   noretval__2printf.o
         2          0          0          0          0          0   rtexit.o
        10          0          0          0          0          0   rtexit2.o
        74          0          0          0          0         80   sys_stackheap_outer.o
         2          0          0          0          0         68   use_no_semi.o
         2          0          0          0          0         68   use_no_semi_2.o

    ----------------------------------------------------------------------
       832         42          0          0         96       1244   Library Totals
         4          0          0          0          0          0   (incl. Padding)

    ----------------------------------------------------------------------

      Code (inc. data)   RO Data    RW Data    ZI Data      Debug   Library Name

       828         42          0          0         96       1244   c_w.l

    ----------------------------------------------------------------------
       832         42          0          0         96       1244   Library Totals

    ----------------------------------------------------------------------

==============================================================================


      Code (inc. data)   RO Data    RW Data    ZI Data      Debug   

     12736       1062      58272         72       4048     981673   Grand Totals
     12736       1062      58272         72       4048     981673   ELF Image Totals
     12736       1062      58272         72          0          0   ROM Totals

==============================================================================

    Total RO  Size (Code + RO Data)                71008 (  69.34kB)
    Total RW  Size (RW Data + ZI Data)              4120 (   4.02kB)
    Total ROM Size (Code + RO Data + RW Data)      71080 (  69.41kB)

==============================================================================

